Component: ARM Compiler 5.05 update 1 (build 106) Tool: armlink [4d0efa]

==============================================================================

Section Cross References

    startup_stm32f427x.o(RESET) refers to startup_stm32f427x.o(STACK) for __initial_sp
    startup_stm32f427x.o(RESET) refers to startup_stm32f427x.o(.text) for Reset_Handler
    startup_stm32f427x.o(RESET) refers to stm32f4xx_it.o(i.NMI_Handler) for NMI_Handler
    startup_stm32f427x.o(RESET) refers to stm32f4xx_it.o(i.HardFault_Handler) for HardFault_Handler
    startup_stm32f427x.o(RESET) refers to stm32f4xx_it.o(i.MemManage_Handler) for MemManage_Handler
    startup_stm32f427x.o(RESET) refers to stm32f4xx_it.o(i.BusFault_Handler) for BusFault_Handler
    startup_stm32f427x.o(RESET) refers to stm32f4xx_it.o(i.UsageFault_Handler) for UsageFault_Handler
    startup_stm32f427x.o(RESET) refers to stm32f4xx_it.o(i.DebugMon_Handler) for DebugMon_Handler
    startup_stm32f427x.o(RESET) refers to stm32f4xx_it.o(i.SysTick_Handler) for SysTick_Handler
    startup_stm32f427x.o(RESET) refers to stm32f4xx_it.o(i.EXTI1_IRQHandler) for EXTI1_IRQHandler
    startup_stm32f427x.o(RESET) refers to can.o(i.CAN1_RX0_IRQHandler) for CAN1_RX0_IRQHandler
    startup_stm32f427x.o(RESET) refers to serial_hand.o(i.USART1_IRQHandler) for USART1_IRQHandler
    startup_stm32f427x.o(RESET) refers to stm32f4xx_it.o(i.EXTI15_10_IRQHandler) for EXTI15_10_IRQHandler
    startup_stm32f427x.o(RESET) refers to stm32f4xx_it.o(i.ETH_IRQHandler) for ETH_IRQHandler
    startup_stm32f427x.o(.text) refers to system_stm32f4xx.o(i.SystemInit) for SystemInit
    startup_stm32f427x.o(.text) refers to entry.o(.ARM.Collect$$$$00000000) for __main
    system_stm32f4xx.o(i.SystemCoreClockUpdate) refers to system_stm32f4xx.o(.data) for .data
    system_stm32f4xx.o(i.SystemInit) refers to system_stm32f4xx.o(i.SetSysClock) for SetSysClock
    stm32f4xx_it.o(i.ETH_IRQHandler) refers to stm32f4x7_eth.o(i.ETH_GetDMAFlagStatus) for ETH_GetDMAFlagStatus
    stm32f4xx_it.o(i.ETH_IRQHandler) refers to netconf.o(i.LwIP_Pkt_Handle) for LwIP_Pkt_Handle
    stm32f4xx_it.o(i.ETH_IRQHandler) refers to stm32f4x7_eth.o(i.ETH_GetRxPktSize) for ETH_GetRxPktSize
    stm32f4xx_it.o(i.ETH_IRQHandler) refers to stm32f4x7_eth.o(i.ETH_DMAClearITPendingBit) for ETH_DMAClearITPendingBit
    stm32f4xx_it.o(i.EXTI1_IRQHandler) refers to stm32f4xx_exti.o(i.EXTI_GetITStatus) for EXTI_GetITStatus
    stm32f4xx_it.o(i.EXTI1_IRQHandler) refers to stmptp_sys_time.o(i.getTime) for getTime
    stm32f4xx_it.o(i.EXTI1_IRQHandler) refers to stm32f4xx_gpio.o(i.GPIO_SetBits) for GPIO_SetBits
    stm32f4xx_it.o(i.EXTI1_IRQHandler) refers to stm32f4xx_exti.o(i.EXTI_ClearITPendingBit) for EXTI_ClearITPendingBit
    stm32f4xx_it.o(i.EXTI1_IRQHandler) refers to main.o(.bss) for sTime
    stm32f4xx_it.o(i.EXTI1_IRQHandler) refers to ntp.o(.data) for ntpsendf
    stm32f4xx_it.o(i.SysTick_Handler) refers to main.o(i.Time_Update) for Time_Update
    stm32f4x7_eth_bsp.o(i.ETH_GPIO_Config) refers to stm32f4xx_rcc.o(i.RCC_AHB1PeriphClockCmd) for RCC_AHB1PeriphClockCmd
    stm32f4x7_eth_bsp.o(i.ETH_GPIO_Config) refers to stm32f4xx_rcc.o(i.RCC_APB2PeriphClockCmd) for RCC_APB2PeriphClockCmd
    stm32f4x7_eth_bsp.o(i.ETH_GPIO_Config) refers to stm32f4xx_gpio.o(i.GPIO_Init) for GPIO_Init
    stm32f4x7_eth_bsp.o(i.ETH_GPIO_Config) refers to stm32f4xx_rcc.o(i.RCC_MCO2Config) for RCC_MCO2Config
    stm32f4x7_eth_bsp.o(i.ETH_GPIO_Config) refers to stm32f4xx_syscfg.o(i.SYSCFG_ETH_MediaInterfaceConfig) for SYSCFG_ETH_MediaInterfaceConfig
    stm32f4x7_eth_bsp.o(i.ETH_GPIO_Config) refers to stm32f4xx_gpio.o(i.GPIO_PinAFConfig) for GPIO_PinAFConfig
    stm32f4x7_eth_bsp.o(i.ETH_GPIO_Config) refers to stm32f4xx_gpio.o(i.GPIO_ResetBits) for GPIO_ResetBits
    stm32f4x7_eth_bsp.o(i.ETH_GPIO_Config) refers to stm32f4xx_gpio.o(i.GPIO_SetBits) for GPIO_SetBits
    stm32f4x7_eth_bsp.o(i.ETH_GPIO_Config) refers to main.o(.bss) for GlobalConfig
    stm32f4x7_eth_bsp.o(i.ETH_MACDMA_Config) refers to stm32f4xx_rcc.o(i.RCC_AHB1PeriphClockCmd) for RCC_AHB1PeriphClockCmd
    stm32f4x7_eth_bsp.o(i.ETH_MACDMA_Config) refers to stm32f4x7_eth.o(i.ETH_DeInit) for ETH_DeInit
    stm32f4x7_eth_bsp.o(i.ETH_MACDMA_Config) refers to stm32f4x7_eth.o(i.ETH_SoftwareReset) for ETH_SoftwareReset
    stm32f4x7_eth_bsp.o(i.ETH_MACDMA_Config) refers to stm32f4x7_eth.o(i.ETH_GetSoftwareResetStatus) for ETH_GetSoftwareResetStatus
    stm32f4x7_eth_bsp.o(i.ETH_MACDMA_Config) refers to stm32f4x7_eth.o(i.ETH_StructInit) for ETH_StructInit
    stm32f4x7_eth_bsp.o(i.ETH_MACDMA_Config) refers to stm32f4x7_eth.o(i.ETH_Init) for ETH_Init
    stm32f4x7_eth_bsp.o(i.ETH_MACDMA_Config) refers to stm32f4x7_eth.o(i.ETH_DMAITConfig) for ETH_DMAITConfig
    stm32f4x7_eth_bsp.o(i.ETH_MACDMA_Config) refers to stm32f4x7_eth_bsp.o(.bss) for .bss
    stm32f4x7_eth_bsp.o(i.ETH_MACDMA_Config) refers to stm32f4x7_eth_bsp.o(.data) for .data
[...]
    TimeToSeconds                            0x080023c5   Thumb Code   156  share.o(i.TimeToSeconds)
    Time_Update                              0x0800246d   Thumb Code    10  main.o(i.Time_Update)
    UART1_Configuration                      0x0800247d   Thumb Code   164  stm32f4x7_eth_bsp.o(i.UART1_Configuration)
    USART1_IRQHandler                        0x08002529   Thumb Code   114  serial_hand.o(i.USART1_IRQHandler)
    USART_ClearITPendingBit                  0x080025ad   Thumb Code    12  stm32f4xx_usart.o(i.USART_ClearITPendingBit)
    USART_Cmd                                0x080025b9   Thumb Code    20  stm32f4xx_usart.o(i.USART_Cmd)
    USART_DeInit                             0x080025cd   Thumb Code   138  stm32f4xx_usart.o(i.USART_DeInit)
    USART_GetITStatus                        0x08002679   Thumb Code    62  stm32f4xx_usart.o(i.USART_GetITStatus)
    USART_ITConfig                           0x080026b7   Thumb Code    48  stm32f4xx_usart.o(i.USART_ITConfig)
    USART_Init                               0x080026e9   Thumb Code   164  stm32f4xx_usart.o(i.USART_Init)
    USART_ReceiveData                        0x08002795   Thumb Code     8  stm32f4xx_usart.o(i.USART_ReceiveData)
    UsageFault_Handler                       0x0800279d   Thumb Code     2  stm32f4xx_it.o(i.UsageFault_Handler)
    __0printf$8                              0x080027a1   Thumb Code    22  printf8.o(i.__0printf$8)
    __1printf$8                              0x080027a1   Thumb Code     0  printf8.o(i.__0printf$8)
    __2printf                                0x080027a1   Thumb Code     0  printf8.o(i.__0printf$8)
    __0snprintf$8                            0x080027c1   Thumb Code    36  printf8.o(i.__0snprintf$8)
    __1snprintf$8                            0x080027c1   Thumb Code     0  printf8.o(i.__0snprintf$8)
    __2snprintf                              0x080027c1   Thumb Code     0  printf8.o(i.__0snprintf$8)
    __scatterload_copy                       0x080027e9   Thumb Code    14  handlers.o(i.__scatterload_copy)
    __scatterload_null                       0x080027f7   Thumb Code     2  handlers.o(i.__scatterload_null)
    __scatterload_zeroinit                   0x080027f9   Thumb Code    14  handlers.o(i.__scatterload_zeroinit)
    abjClock                                 0x08002c81   Thumb Code   204  share.o(i.abjClock)
    acceptManagementMessage                  0x08002d8d   Thumb Code    70  protocol.o(i.acceptManagementMessage)
    addForeign                               0x08002dd3   Thumb Code   308  protocol.o(i.addForeign)
    addTime                                  0x08002f07   Thumb Code    24  arith.o(i.addTime)
    adjFreq                                  0x08002f1f   Thumb Code    26  stmptp_sys_time.o(i.adjFreq)
    clearTime                                0x08002f39   Thumb Code     8  arith.o(i.clearTime)
    copyClockIdentity                        0x08002f41   Thumb Code    10  msg.o(i.copyClockIdentity)
    copyPortIdentity                         0x08002f4b   Thumb Code    14  msg.o(i.copyPortIdentity)
    cpuidGetId                               0x08002f59   Thumb Code    32  main.o(i.cpuidGetId)
    displayStatus                            0x08002f81   Thumb Code    94  display.o(i.displayStatus)
    div2Time                                 0x08003001   Thumb Code    42  arith.o(i.div2Time)
    eth_send_ptp                             0x08003031   Thumb Code   170  etharp.o(i.eth_send_ptp)
    etharp_output                            0x0800329d   Thumb Code   246  etharp.o(i.etharp_output)
    etharp_query                             0x080033e5   Thumb Code   228  etharp.o(i.etharp_query)
    etharp_request                           0x08003571   Thumb Code    32  etharp.o(i.etharp_request)
    etharp_tmr                               0x080035b5   Thumb Code    68  etharp.o(i.etharp_tmr)
    ethernet_input                           0x08003679   Thumb Code   258  etharp.o(i.ethernet_input)
    ethernetif_init                          0x08003789   Thumb Code    48  ethernetif.o(i.ethernetif_init)
    ethernetif_input                         0x080037c9   Thumb Code    38  ethernetif.o(i.ethernetif_input)
    floorLog2                                0x08003ae7   Thumb Code    54  arith.o(i.floorLog2)
    fputc                                    0x08003b1d   Thumb Code    32  main.o(i.fputc)
    free                                     0x08003b41   Thumb Code    76  malloc.o(i.free)
    freeMMClockDescription                   0x08003b91   Thumb Code    46  msg.o(i.freeMMClockDescription)
    freeMMErrorStatusTLV                     0x08003bbf   Thumb Code     8  msg.o(i.freeMMErrorStatusTLV)
    freeMMTLV                                0x08003bc7   Thumb Code    44  msg.o(i.freeMMTLV)
    freeManagementTLV                        0x08003bf3   Thumb Code    60  msg.o(i.freeManagementTLV)
    freePTPText                              0x08003c2f   Thumb Code    20  msg.o(i.freePTPText)
    freePhysicalAddress                      0x08003c43   Thumb Code    20  msg.o(i.freePhysicalAddress)
    fromInternalTime                         0x08003c57   Thumb Code    24  arith.o(i.fromInternalTime)
    getNtpTime                               0x08003c71   Thumb Code    36  ntp.o(i.getNtpTime)
    getTime                                  0x08003c99   Thumb Code    20  stmptp_sys_time.o(i.getTime)
    handleErrorManagementMessage             0x080041d9   Thumb Code    72  management.o(i.handleErrorManagementMessage)
    handleMMAnnounceReceiptTimeout           0x080042fd   Thumb Code   100  management.o(i.handleMMAnnounceReceiptTimeout)
    handleMMClockAccuracy                    0x08004361   Thumb Code    96  management.o(i.handleMMClockAccuracy)
    handleMMClockDescription                 0x080043c1   Thumb Code   186  management.o(i.handleMMClockDescription)
    handleMMCurrentDataSet                   0x08004495   Thumb Code   128  management.o(i.handleMMCurrentDataSet)
    handleMMDefaultDataSet                   0x08004515   Thumb Code   126  management.o(i.handleMMDefaultDataSet)
    handleMMDelayMechanism                   0x08004593   Thumb Code   100  management.o(i.handleMMDelayMechanism)
    handleMMDisablePort                      0x080045f7   Thumb Code    72  management.o(i.handleMMDisablePort)
    handleMMDomain                           0x0800463f   Thumb Code    96  management.o(i.handleMMDomain)
    handleMMEnablePort                       0x0800469f   Thumb Code    78  management.o(i.handleMMEnablePort)
    handleMMErrorStatus                      0x080046ed   Thumb Code     2  management.o(i.handleMMErrorStatus)
    handleMMInitialize                       0x080046ef   Thumb Code    88  management.o(i.handleMMInitialize)
    handleMMLogAnnounceInterval              0x08004747   Thumb Code   100  management.o(i.handleMMLogAnnounceInterval)
    handleMMLogMinPdelayReqInterval          0x080047ab   Thumb Code   100  management.o(i.handleMMLogMinPdelayReqInterval)
    handleMMLogSyncInterval                  0x0800480f   Thumb Code   100  management.o(i.handleMMLogSyncInterval)
    handleMMNullManagement                   0x08004873   Thumb Code    64  management.o(i.handleMMNullManagement)
    handleMMParentDataSet                    0x080048b3   Thumb Code   144  management.o(i.handleMMParentDataSet)
    handleMMPortDataSet                      0x08004943   Thumb Code   134  management.o(i.handleMMPortDataSet)
    handleMMPriority1                        0x080049c9   Thumb Code    96  management.o(i.handleMMPriority1)
    handleMMPriority2                        0x08004a29   Thumb Code    96  management.o(i.handleMMPriority2)
    handleMMResetNonVolatileStorage          0x08004a89   Thumb Code    48  management.o(i.handleMMResetNonVolatileStorage)
    handleMMSaveInNonVolatileStorage         0x08004ab9   Thumb Code    48  management.o(i.handleMMSaveInNonVolatileStorage)
    handleMMSlaveOnly                        0x08004ae9   Thumb Code    92  management.o(i.handleMMSlaveOnly)
    handleMMTime                             0x08004b45   Thumb Code   124  management.o(i.handleMMTime)
    handleMMTimePropertiesDataSet            0x08004bc1   Thumb Code    82  management.o(i.handleMMTimePropertiesDataSet)
    handleMMTraceabilityProperties           0x08004c13   Thumb Code   108  management.o(i.handleMMTraceabilityProperties)
    handleMMUserDescription                  0x08004c81   Thumb Code   174  management.o(i.handleMMUserDescription)
    handleMMUtcProperties                    0x08004d81   Thumb Code   130  management.o(i.handleMMUtcProperties)
    handleMMVersionNumber                    0x08004e03   Thumb Code   102  management.o(i.handleMMVersionNumber)
    handle_ptp_eth                           0x080056f5   Thumb Code   420  protocol.o(i.handle_ptp_eth)
    handleap                                 0x08005921   Thumb Code   102  serial_hand.o(i.handleap)
    icmp_dest_unreach                        0x0800599d   Thumb Code     8  icmp.o(i.icmp_dest_unreach)
    icmp_input                               0x080059a5   Thumb Code   242  icmp.o(i.icmp_input)
    icmp_time_exceeded                       0x08005b05   Thumb Code     8  icmp.o(i.icmp_time_exceeded)
    igmp_input                               0x08005b31   Thumb Code   190  igmp.o(i.igmp_input)
    igmp_joingroup                           0x08005bf5   Thumb Code   132  igmp.o(i.igmp_joingroup)
    igmp_lookfor_group                       0x08005c81   Thumb Code    30  igmp.o(i.igmp_lookfor_group)
    igmp_report_groups                       0x08005ce1   Thumb Code    32  igmp.o(i.igmp_report_groups)
    igmp_start                               0x08005da5   Thumb Code    44  igmp.o(i.igmp_start)
    inet_chksum                              0x08005df3   Thumb Code    12  inet_chksum.o(i.inet_chksum)
    inet_chksum_pbuf                         0x08005dff   Thumb Code    72  inet_chksum.o(i.inet_chksum_pbuf)
    initClock                                0x08005e47   Thumb Code    82  servo.o(i.initClock)
    initOutgoingMsgManagement                0x08005e99   Thumb Code   100  management.o(i.initOutgoingMsgManagement)
    internalTime_to_integer64                0x08005efd   Thumb Code    40  arith.o(i.internalTime_to_integer64)
    ip4_addr_isbroadcast                     0x08005f29   Thumb Code    46  ip_addr.o(i.ip4_addr_isbroadcast)
    ip_frag                                  0x08005f59   Thumb Code   352  ip_frag.o(i.ip_frag)
    ip_input                                 0x080060c5   Thumb Code   390  ip.o(i.ip_input)
    ip_output                                0x08006255   Thumb Code    62  ip.o(i.ip_output)
    ip_output_if                             0x08006293   Thumb Code    30  ip.o(i.ip_output_if)
    ip_output_if_opt                         0x080062b1   Thumb Code   218  ip.o(i.ip_output_if_opt)
    ip_reass                                 0x08006391   Thumb Code   392  ip_frag.o(i.ip_reass)
    ip_route                                 0x08006705   Thumb Code    54  ip.o(i.ip_route)
    ipaddr_addr                              0x08006745   Thumb Code    20  ip_addr.o(i.ipaddr_addr)
    ipaddr_aton                              0x08006759   Thumb Code   248  ip_addr.o(i.ipaddr_aton)
    lwip_htonl                               0x08006e55   Thumb Code     4  def.o(i.lwip_htonl)
    lwip_htons                               0x08006e59   Thumb Code     4  def.o(i.lwip_htons)
    lwip_ntohl                               0x08006e5d   Thumb Code     4  def.o(i.lwip_ntohl)
    lwip_ntohs                               0x08006e61   Thumb Code     4  def.o(i.lwip_ntohs)
    main                                     0x08006ebd   Thumb Code   108  main.o(i.main)
    mem_free                                 0x08006f49   Thumb Code    58  mem.o(i.mem_free)
    mem_init                                 0x08006f89   Thumb Code    42  mem.o(i.mem_init)
    mem_malloc                               0x08006fbd   Thumb Code   162  mem.o(i.mem_malloc)
    mem_trim                                 0x08007065   Thumb Code   214  mem.o(i.mem_trim)
    memp_free                                0x08007141   Thumb Code    36  memp.o(i.memp_free)
    memp_init                                0x08007169   Thumb Code    78  memp.o(i.memp_init)
    memp_malloc                              0x080071c1   Thumb Code    38  memp.o(i.memp_malloc)
    msgDebugAnnounce                         0x080071ed   Thumb Code   316  msg.o(i.msgDebugAnnounce)
    msgDebugDelayResp                        0x080074e9   Thumb Code   130  msg.o(i.msgDebugDelayResp)
    msgDebugFollowUp                         0x08007635   Thumb Code    54  msg.o(i.msgDebugFollowUp)
    msgDebugHeader                           0x080076f5   Thumb Code   306  msg.o(i.msgDebugHeader)
    msgDebugManagement                       0x080079bd   Thumb Code   194  msg.o(i.msgDebugManagement)
    msgDebugSync                             0x08007b69   Thumb Code    54  msg.o(i.msgDebugSync)
    msgDump                                  0x08007c11   Thumb Code   108  msg.o(i.msgDump)
    msgPackDelayResp                         0x08007cb1   Thumb Code   142  msg.o(i.msgPackDelayResp)
    msgPackHeader                            0x08007d45   Thumb Code    68  msg.o(i.msgPackHeader)
    msgPackManagement                        0x08007d8d   Thumb Code    10  msg.o(i.msgPackManagement)
    msgPackManagementErrorStatusTLV          0x08007d97   Thumb Code    32  msg.o(i.msgPackManagementErrorStatusTLV)
    msgPackManagementTLV                     0x08007db7   Thumb Code   356  msg.o(i.msgPackManagementTLV)
    msgPackPDelayResp                        0x08007f1b   Thumb Code   124  msg.o(i.msgPackPDelayResp)
    msgPackPDelayRespFollowUp                0x08007f97   Thumb Code   118  msg.o(i.msgPackPDelayRespFollowUp)
    msgUnpackAnnounce                        0x0800800d   Thumb Code    98  msg.o(i.msgUnpackAnnounce)
    msgUnpackDelayResp                       0x0800806f   Thumb Code    48  msg.o(i.msgUnpackDelayResp)
    msgUnpackFollowUp                        0x0800809f   Thumb Code    32  msg.o(i.msgUnpackFollowUp)
    msgUnpackHeader                          0x080080bf   Thumb Code   128  msg.o(i.msgUnpackHeader)
    msgUnpackManagement                      0x0800813f   Thumb Code    46  msg.o(i.msgUnpackManagement)
    msgUnpackPDelayResp                      0x0800816d   Thumb Code    48  msg.o(i.msgUnpackPDelayResp)
    msgUnpackPDelayRespFollowUp              0x0800819d   Thumb Code    48  msg.o(i.msgUnpackPDelayRespFollowUp)
    msgUnpackSync                            0x080081cd   Thumb Code    32  msg.o(i.msgUnpackSync)
    netEmptyEventQ                           0x080081ed   Thumb Code    30  net.o(i.netEmptyEventQ)
    netSendGeneral                           0x08008355   Thumb Code    24  net.o(i.netSendGeneral)
    netSendPeerEvent                         0x0800836d   Thumb Code    26  net.o(i.netSendPeerEvent)
    netSendPeerGeneral                       0x08008387   Thumb Code    24  net.o(i.netSendPeerGeneral)
    netif_add                                0x080083a1   Thumb Code    84  netif.o(i.netif_add)
    netif_set_addr                           0x080083f9   Thumb Code    32  netif.o(i.netif_set_addr)
    netif_set_default                        0x08008419   Thumb Code     6  netif.o(i.netif_set_default)
    netif_set_gw                             0x08008425   Thumb Code     8  netif.o(i.netif_set_gw)
    netif_set_ipaddr                         0x0800842d   Thumb Code    96  netif.o(i.netif_set_ipaddr)
    netif_set_netmask                        0x08008495   Thumb Code     8  netif.o(i.netif_set_netmask)
    netif_set_up                             0x0800849d   Thumb Code    56  netif.o(i.netif_set_up)
    normalizeTime                            0x080084d5   Thumb Code    66  arith.o(i.normalizeTime)
    offset_time                              0x08008521   Thumb Code   132  share.o(i.offset_time)
    p1                                       0x080085df   Thumb Code    22  bmc.o(i.p1)
    packClockIdentity                        0x080085f5   Thumb Code    16  msg.o(i.packClockIdentity)
    packClockQuality                         0x08008605   Thumb Code    18  msg.o(i.packClockQuality)
    packEnumeration16                        0x08008617   Thumb Code    14  msg.o(i.packEnumeration16)
    packEnumeration4Lower                    0x08008625   Thumb Code    16  msg.o(i.packEnumeration4Lower)
    packInteger16                            0x08008635   Thumb Code    14  msg.o(i.packInteger16)
    packInteger32                            0x08008643   Thumb Code    14  msg.o(i.packInteger32)
    packMMAnnounceReceiptTimeout             0x08008651   Thumb Code    20  msg.o(i.packMMAnnounceReceiptTimeout)
    packMMClockAccuracy                      0x08008665   Thumb Code    20  msg.o(i.packMMClockAccuracy)
    packMMClockDescription                   0x08008679   Thumb Code   236  msg.o(i.packMMClockDescription)
    packMMCurrentDataSet                     0x08008765   Thumb Code    16  msg.o(i.packMMCurrentDataSet)
    packMMDefaultDataSet                     0x08008775   Thumb Code    82  msg.o(i.packMMDefaultDataSet)
    packMMDelayMechanism                     0x080087c7   Thumb Code    20  msg.o(i.packMMDelayMechanism)
    packMMDomain                             0x080087db   Thumb Code    20  msg.o(i.packMMDomain)
    packMMErrorStatus                        0x080087ef   Thumb Code    58  msg.o(i.packMMErrorStatus)
    packMMInitialize                         0x08008829   Thumb Code    16  msg.o(i.packMMInitialize)
    packMMLogAnnounceInterval                0x08008839   Thumb Code    20  msg.o(i.packMMLogAnnounceInterval)
    packMMLogMinPdelayReqInterval            0x0800884d   Thumb Code    20  msg.o(i.packMMLogMinPdelayReqInterval)
    packMMLogSyncInterval                    0x08008861   Thumb Code    20  msg.o(i.packMMLogSyncInterval)
    packMMParentDataSet                      0x08008875   Thumb Code    92  msg.o(i.packMMParentDataSet)
    packMMPortDataSet                        0x080088d1   Thumb Code    86  msg.o(i.packMMPortDataSet)
    packMMPriority1                          0x08008927   Thumb Code    20  msg.o(i.packMMPriority1)
    packMMPriority2                          0x0800893b   Thumb Code    20  msg.o(i.packMMPriority2)
    packMMSlaveOnly                          0x0800894f   Thumb Code    20  msg.o(i.packMMSlaveOnly)
    packMMTime                               0x08008963   Thumb Code    16  msg.o(i.packMMTime)
    packMMTimePropertiesDataSet              0x08008973   Thumb Code    32  msg.o(i.packMMTimePropertiesDataSet)
    packMMTraceabilityProperties             0x08008993   Thumb Code    20  msg.o(i.packMMTraceabilityProperties)
    packMMUserDescription                    0x080089a7   Thumb Code    36  msg.o(i.packMMUserDescription)
    packMMUtcProperties                      0x080089cb   Thumb Code    32  msg.o(i.packMMUtcProperties)
    packMMVersionNumber                      0x080089eb   Thumb Code    36  msg.o(i.packMMVersionNumber)
    packManagementTLV                        0x08008a0f   Thumb Code    36  msg.o(i.packManagementTLV)
    packMsgHeader                            0x08008a33   Thumb Code    82  msg.o(i.packMsgHeader)
    packMsgManagement                        0x08008a85   Thumb Code    84  msg.o(i.packMsgManagement)
    packNibbleUpper                          0x08008ad9   Thumb Code    18  msg.o(i.packNibbleUpper)
    packPTPText                              0x08008aeb   Thumb Code    22  msg.o(i.packPTPText)
    packPhysicalAddress                      0x08008b01   Thumb Code    30  msg.o(i.packPhysicalAddress)
    packPortIdentity                         0x08008b1f   Thumb Code    26  msg.o(i.packPortIdentity)
    packTimestamp                            0x08008b39   Thumb Code     8  msg.o(i.packTimestamp)
    packUInteger16                           0x08008b41   Thumb Code    14  msg.o(i.packUInteger16)
    packUInteger32                           0x08008b4f   Thumb Code    14  msg.o(i.packUInteger32)
    packUInteger4Lower                       0x08008b5d   Thumb Code    16  msg.o(i.packUInteger4Lower)
    pbuf_alloc                               0x08008b6d   Thumb Code   280  pbuf.o(i.pbuf_alloc)
    pbuf_alloced_custom                      0x08008c85   Thumb Code    84  pbuf.o(i.pbuf_alloced_custom)
    pbuf_cat                                 0x08008cd9   Thumb Code    40  pbuf.o(i.pbuf_cat)
    pbuf_chain                               0x08008d01   Thumb Code    18  pbuf.o(i.pbuf_chain)
    pbuf_clen                                0x08008d13   Thumb Code    18  pbuf.o(i.pbuf_clen)
    pbuf_copy                                0x08008d25   Thumb Code   154  pbuf.o(i.pbuf_copy)
    pbuf_copy_partial                        0x08008dbf   Thumb Code   104  pbuf.o(i.pbuf_copy_partial)
    pbuf_free                                0x08008e27   Thumb Code    96  pbuf.o(i.pbuf_free)
    pbuf_header                              0x08008e87   Thumb Code    96  pbuf.o(i.pbuf_header)
    pbuf_realloc                             0x08008ee7   Thumb Code    78  pbuf.o(i.pbuf_realloc)
    pbuf_ref                                 0x08008f35   Thumb Code    26  pbuf.o(i.pbuf_ref)
    pbuf_take                                0x08008f4f   Thumb Code    78  pbuf.o(i.pbuf_take)
    portState_getName                        0x08008ff1   Thumb Code    52  display.o(i.portState_getName)
    raw_input                                0x08009105   Thumb Code   104  raw.o(i.raw_input)
    respectUtcOffset                         0x08009179   Thumb Code    18  protocol.o(i.respectUtcOffset)
    s1                                       0x0800918d   Thumb Code   516  bmc.o(i.s1)
    scaledNanosecondsToInternalTime          0x08009469   Thumb Code    56  arith.o(i.scaledNanosecondsToInternalTime)
    server_recv                              0x080094a5   Thumb Code   330  ntp.o(i.server_recv)
    setTime                                  0x08009609   Thumb Code    18  stmptp_sys_time.o(i.setTime)
    subTime                                  0x0800961b   Thumb Code    24  arith.o(i.subTime)
    sys_arch_protect                         0x08009635   Thumb Code    10  ethernetif.o(i.sys_arch_protect)
    sys_arch_unprotect                       0x08009645   Thumb Code     6  ethernetif.o(i.sys_arch_unprotect)
    tcp_abandon                              0x08009651   Thumb Code   136  tcp.o(i.tcp_abandon)
    tcp_abort                                0x080096dd   Thumb Code     6  tcp.o(i.tcp_abort)
    tcp_alloc                                0x080096e5   Thumb Code   234  tcp.o(i.tcp_alloc)
    tcp_close                                0x080097dd   Thumb Code    20  tcp.o(i.tcp_close)
    tcp_eff_send_mss                         0x080099b3   Thumb Code    32  tcp.o(i.tcp_eff_send_mss)
    tcp_enqueue_flags                        0x080099d3   Thumb Code   166  tcp_out.o(i.tcp_enqueue_flags)
    tcp_fasttmr                              0x08009a79   Thumb Code    90  tcp.o(i.tcp_fasttmr)
    tcp_input                                0x08009ad9   Thumb Code   758  tcp_in.o(i.tcp_input)
    tcp_keepalive                            0x08009ded   Thumb Code    60  tcp_out.o(i.tcp_keepalive)
    tcp_next_iss                             0x08009f0d   Thumb Code    12  tcp.o(i.tcp_next_iss)
    tcp_output                               0x08009f1d   Thumb Code   392  tcp_out.o(i.tcp_output)
    tcp_pcb_purge                            0x0800a245   Thumb Code    58  tcp.o(i.tcp_pcb_purge)
    tcp_pcb_remove                           0x0800a281   Thumb Code    82  tcp.o(i.tcp_pcb_remove)
    tcp_process_refused_data                 0x0800a60d   Thumb Code   102  tcp.o(i.tcp_process_refused_data)
    tcp_recv_null                            0x0800aa87   Thumb Code    36  tcp.o(i.tcp_recv_null)
    tcp_recved                               0x0800aaab   Thumb Code    56  tcp.o(i.tcp_recved)
    tcp_rexmit                               0x0800aae3   Thumb Code    82  tcp_out.o(i.tcp_rexmit)
    tcp_rexmit_fast                          0x0800ab35   Thumb Code    88  tcp_out.o(i.tcp_rexmit_fast)
    tcp_rexmit_rto                           0x0800ab8d   Thumb Code    46  tcp_out.o(i.tcp_rexmit_rto)
    tcp_rst                                  0x0800abbb   Thumb Code   118  tcp_out.o(i.tcp_rst)
    tcp_seg_free                             0x0800ac31   Thumb Code    28  tcp.o(i.tcp_seg_free)
    tcp_segs_free                            0x0800ac4d   Thumb Code    18  tcp.o(i.tcp_segs_free)
    tcp_send_empty_ack                       0x0800ac5f   Thumb Code    72  tcp_out.o(i.tcp_send_empty_ack)
    tcp_send_fin                             0x0800aca7   Thumb Code    68  tcp_out.o(i.tcp_send_fin)
    tcp_slowtmr                              0x0800aced   Thumb Code   588  tcp.o(i.tcp_slowtmr)
    tcp_timer_needed                         0x0800af49   Thumb Code     2  timers.o(i.tcp_timer_needed)
    tcp_tmr                                  0x0800afb9   Thumb Code    28  tcp.o(i.tcp_tmr)
    tcp_update_rcv_ann_wnd                   0x0800afd9   Thumb Code    52  tcp.o(i.tcp_update_rcv_ann_wnd)
    tcp_zero_window_probe                    0x0800b00d   Thumb Code   138  tcp_out.o(i.tcp_zero_window_probe)
    timeInternal_display                     0x0800b097   Thumb Code     2  display.o(i.timeInternal_display)
    timerStart                               0x0800b099   Thumb Code    26  timer.o(i.timerStart)
    timerStop                                0x0800b0b3   Thumb Code    16  timer.o(i.timerStop)
    timestamp_display                        0x0800b0c3   Thumb Code     2  display.o(i.timestamp_display)
    toInternalTime                           0x0800b0c5   Thumb Code    18  arith.o(i.toInternalTime)
    toState                                  0x0800b0d9   Thumb Code   700  protocol.o(i.toState)
    udp_bind                                 0x0800b3bd   Thumb Code   148  udp.o(i.udp_bind)
    udp_input                                0x0800b455   Thumb Code   326  udp.o(i.udp_input)
    udp_new                                  0x0800b5a9   Thumb Code    26  udp.o(i.udp_new)
    udp_recv                                 0x0800b5c3   Thumb Code     6  udp.o(i.udp_recv)
    udp_sendto                               0x0800b5c9   Thumb Code    58  udp.o(i.udp_sendto)
    udp_sendto_if                            0x0800b603   Thumb Code   208  udp.o(i.udp_sendto_if)
    unpackClockIdentity                      0x0800b6d3   Thumb Code    16  msg.o(i.unpackClockIdentity)
    unpackClockQuality                       0x0800b6e3   Thumb Code    18  msg.o(i.unpackClockQuality)
    unpackMMAnnounceReceiptTimeout           0x0800b6f5   Thumb Code    18  msg.o(i.unpackMMAnnounceReceiptTimeout)
    unpackMMClockAccuracy                    0x0800b707   Thumb Code    18  msg.o(i.unpackMMClockAccuracy)
    unpackMMClockDescription                 0x0800b719   Thumb Code   234  msg.o(i.unpackMMClockDescription)
    unpackMMCurrentDataSet                   0x0800b803   Thumb Code    10  msg.o(i.unpackMMCurrentDataSet)
    unpackMMDefaultDataSet                   0x0800b80d   Thumb Code    84  msg.o(i.unpackMMDefaultDataSet)
    unpackMMDelayMechanism                   0x0800b861   Thumb Code    18  msg.o(i.unpackMMDelayMechanism)
    unpackMMDomain                           0x0800b873   Thumb Code    18  msg.o(i.unpackMMDomain)
    unpackMMErrorStatus                      0x0800b885   Thumb Code    46  msg.o(i.unpackMMErrorStatus)
    unpackMMInitialize                       0x0800b8b3   Thumb Code    10  msg.o(i.unpackMMInitialize)
    unpackMMLogAnnounceInterval              0x0800b8bd   Thumb Code    18  msg.o(i.unpackMMLogAnnounceInterval)
    unpackMMLogMinPdelayReqInterval          0x0800b8cf   Thumb Code    18  msg.o(i.unpackMMLogMinPdelayReqInterval)
    unpackMMLogSyncInterval                  0x0800b8e1   Thumb Code    18  msg.o(i.unpackMMLogSyncInterval)
    unpackMMParentDataSet                    0x0800b8f3   Thumb Code    96  msg.o(i.unpackMMParentDataSet)
    unpackMMPortDataSet                      0x0800b953   Thumb Code    78  msg.o(i.unpackMMPortDataSet)
    unpackMMPriority1                        0x0800b9a1   Thumb Code    18  msg.o(i.unpackMMPriority1)
    unpackMMPriority2                        0x0800b9b3   Thumb Code    18  msg.o(i.unpackMMPriority2)
    unpackMMSlaveOnly                        0x0800b9c5   Thumb Code    18  msg.o(i.unpackMMSlaveOnly)
    unpackMMTime                             0x0800b9d7   Thumb Code    10  msg.o(i.unpackMMTime)
    unpackMMTimePropertiesDataSet            0x0800b9e1   Thumb Code    32  msg.o(i.unpackMMTimePropertiesDataSet)
    unpackMMTraceabilityProperties           0x0800ba01   Thumb Code    18  msg.o(i.unpackMMTraceabilityProperties)
    unpackMMUserDescription                  0x0800ba13   Thumb Code    16  msg.o(i.unpackMMUserDescription)
    unpackMMUtcProperties                    0x0800ba23   Thumb Code    32  msg.o(i.unpackMMUtcProperties)
    unpackMMVersionNumber                    0x0800ba43   Thumb Code    30  msg.o(i.unpackMMVersionNumber)
    unpackManagementTLV                      0x0800ba61   Thumb Code    42  msg.o(i.unpackManagementTLV)
    unpackMsgHeader                          0x0800ba8b   Thumb Code    90  msg.o(i.unpackMsgHeader)
    unpackMsgManagement                      0x0800bae5   Thumb Code    74  msg.o(i.unpackMsgManagement)
    unpackPTPText                            0x0800bb2f   Thumb Code    22  msg.o(i.unpackPTPText)
    unpackPhysicalAddress                    0x0800bb45   Thumb Code    32  msg.o(i.unpackPhysicalAddress)
    unpackPortIdentity                       0x0800bb65   Thumb Code    26  msg.o(i.unpackPortIdentity)
    unpackTimestamp                          0x0800bb7f   Thumb Code    16  msg.o(i.unpackTimestamp)
    updateClock                              0x0800bb91   Thumb Code   216  servo.o(i.updateClock)
    updateDelay                              0x0800bc6d   Thumb Code   122  servo.o(i.updateDelay)
    updateOffset                             0x0800bd29   Thumb Code   186  servo.o(i.updateOffset)
    updatePeerDelay                          0x0800bde9   Thumb Code   122  servo.o(i.updatePeerDelay)
    tcp_persist_backoff                      0x0800bea4   Data           7  tcp.o(.constdata)
    tcp_state_str                            0x0800beac   Data          44  tcp.o(.constdata)
    tcp_backoff                              0x0800bed8   Data          13  tcp.o(.constdata)
    tcp_pcb_lists                            0x0800bee8   Data          16  tcp.o(.constdata)
    ip_addr_any                              0x0800bef8   Data           4  ip_addr.o(.constdata)
    ethbroadcast                             0x0800befc   Data           6  etharp.o(.constdata)
    ethzero                                  0x0800bf02   Data           6  etharp.o(.constdata)
    Region$$Table$$Base                      0x0800c2c8   Number         0  anon$$obj.o(Region$$Table)
    Region$$Table$$Limit                     0x0800c2e8   Number         0  anon$$obj.o(Region$$Table)
    EthLinkStatus                            0x20000000   Data           1  stm32f4x7_eth_bsp.o(.data)
    EthStatus                                0x20000004   Data           4  stm32f4x7_eth_bsp.o(.data)
    MAC_ADDR0                                0x20000008   Data           1  ethernetif.o(.data)
    MAC_ADDR1                                0x20000009   Data           1  ethernetif.o(.data)
    MAC_ADDR2                                0x2000000a   Data           1  ethernetif.o(.data)
    MAC_ADDR3                                0x2000000b   Data           1  ethernetif.o(.data)
    MAC_ADDR4                                0x2000000c   Data           1  ethernetif.o(.data)
    MAC_ADDR5                                0x2000000d   Data           1  ethernetif.o(.data)
    SyncIndex                                0x2000000e   Data           1  serial_hand.o(.data)
    leap61                                   0x2000000f   Data           1  serial_hand.o(.data)
    leap59                                   0x20000010   Data           1  serial_hand.o(.data)
    leapwring                                0x20000011   Data           1  serial_hand.o(.data)
    leapNum                                  0x20000012   Data           1  serial_hand.o(.data)
    SyncUart_OK                              0x20000013   Data           1  serial_hand.o(.data)
    CAN1_RX0_STA                             0x20000014   Data           2  can.o(.data)
    CAN1_SEND_ID                             0x20000018   Data           4  can.o(.data)
    LocalTime                                0x2000001c   Data           4  main.o(.data)
    timingdelay                              0x20000024   Data           4  main.o(.data)
    __stdout                                 0x20000028   Data           4  main.o(.data)
    TCPTimer                                 0x2000002c   Data           4  netconf.o(.data)
    ARPTimer                                 0x20000030   Data           4  netconf.o(.data)
    synflags                                 0x20000037   Data           1  share.o(.data)
    ntpsendf                                 0x20000038   Data           1  ntp.o(.data)
    ntps_pcb                                 0x2000003c   Data           4  ntp.o(.data)
    DMATxDescToSet                           0x20000040   Data           4  stm32f4x7_eth.o(.data)
    DMARxDescToGet                           0x20000044   Data           4  stm32f4x7_eth.o(.data)
    DMAPTPTxDescToSet                        0x20000048   Data           4  stm32f4x7_eth.o(.data)
    DMAPTPRxDescToGet                        0x2000004c   Data           4  stm32f4x7_eth.o(.data)
    DMA_RX_FRAME_infos                       0x20000050   Data           4  stm32f4x7_eth.o(.data)
    id                                       0x20000064   Data          32  protocol.o(.data)
    netif_list                               0x20000098   Data           4  netif.o(.data)
    netif_default                            0x2000009c   Data           4  netif.o(.data)
    tcp_active_pcbs_changed                  0x200000a4   Data           1  tcp.o(.data)
    tcp_ticks                                0x200000b0   Data           4  tcp.o(.data)
    tcp_bound_pcbs                           0x200000b4   Data           4  tcp.o(.data)
    tcp_listen_pcbs                          0x200000b8   Data           4  tcp.o(.data)
    tcp_active_pcbs                          0x200000bc   Data           4  tcp.o(.data)
    tcp_tw_pcbs                              0x200000c0   Data           4  tcp.o(.data)
    tcp_tmp_pcb                              0x200000c4   Data           4  tcp.o(.data)
    tcp_input_pcb                            0x200000e0   Data           4  tcp_in.o(.data)
    udp_pcbs                                 0x200000e8   Data           4  udp.o(.data)
    current_netif                            0x200000fc   Data           4  ip.o(.data)
    current_header                           0x20000100   Data           4  ip.o(.data)
    current_iphdr_src                        0x20000104   Data           4  ip.o(.data)
    current_iphdr_dest                       0x20000108   Data           4  ip.o(.data)
    __microlib_freelist                      0x2000011c   Data           4  mvars.o(.data)
    ETH_InitStructure                        0x20000120   Data         188  stm32f4x7_eth_bsp.o(.bss)
    sync_UartData                            0x200001dc   Data          23  serial_hand.o(.bss)
    CAN1_RX0_BUF                             0x200001f3   Data         100  can.o(.bss)
    sTime                                    0x20000258   Data          32  main.o(.bss)
    Mservo                                   0x20000278   Data          10  main.o(.bss)
    MofM_filt                                0x20000284   Data          16  main.o(.bss)
    GlobalConfig                             0x20000294   Data          40  main.o(.bss)
    mcuID                                    0x200002bc   Data          12  main.o(.bss)
    gnetif                                   0x200002c8   Data          56  netconf.o(.bss)
    DMARxDscrTab                             0x20000300   Data         160  stm32f4x7_eth.o(.bss)
    DMATxDscrTab                             0x200003a0   Data          32  stm32f4x7_eth.o(.bss)
    Rx_Buff                                  0x200003c0   Data        7620  stm32f4x7_eth.o(.bss)
    Tx_Buff                                  0x20002184   Data        1524  stm32f4x7_eth.o(.bss)
    RX_Frame_Descriptor                      0x20002778   Data          12  stm32f4x7_eth.o(.bss)
    rtOpts                                   0x20002b70   Data         144  ptpd.o(.bss)
    G_ptpClock                               0x20002c00   Data        1744  ptpd.o(.bss)
    ram_heap                                 0x200033dc   Data       20500  mem.o(.bss)
    __initial_sp                             0x2000fba0   Data           0  startup_stm32f427x.o(STACK)



==============================================================================

Memory Map of the image

  Image Entry point : 0x080001ad

  Load Region LR_IROM1 (Base: 0x08000000, Size: 0x0000c408, Max: 0x00200000, ABSOLUTE)

    Execution Region ER_IROM1 (Base: 0x08000000, Size: 0x0000c2e8, Max: 0x00200000, ABSOLUTE)

    Base Addr    Size         Type   Attr      Idx    E Section Name        Object

    0x08000000   0x000001ac   Data   RO            3    RESET               startup_stm32f427x.o
    0x080001ac   0x00000000   Code   RO         7530  * .ARM.Collect$$$$00000000  mc_w.l(entry.o)
    0x080001ac   0x00000004   Code   RO         7853    .ARM.Collect$$$$00000001  mc_w.l(entry2.o)
    0x080001b0   0x00000004   Code   RO         7856    .ARM.Collect$$$$00000004  mc_w.l(entry5.o)
    0x080001b4   0x00000000   Code   RO         7858    .ARM.Collect$$$$00000008  mc_w.l(entry7b.o)
    0x080001b4   0x00000000   Code   RO         7860    .ARM.Collect$$$$0000000A  mc_w.l(entry8b.o)
    0x080001b4   0x00000008   Code   RO         7861    .ARM.Collect$$$$0000000B  mc_w.l(entry9a.o)
    0x080001bc   0x00000000   Code   RO         7863    .ARM.Collect$$$$0000000D  mc_w.l(entry10a.o)
    0x080001bc   0x00000000   Code   RO         7865    .ARM.Collect$$$$0000000F  mc_w.l(entry11a.o)
    0x080001bc   0x00000004   Code   RO         7854    .ARM.Collect$$$$00002712  mc_w.l(entry2.o)
    0x080001c0   0x00000024   Code   RO            4    .text               startup_stm32f427x.o
    0x080001e4   0x00000062   Code   RO         7533    .text               mc_w.l(uldiv.o)
    0x08000246   0x00000062   Code   RO         7535    .text               mc_w.l(ldiv.o)
    0x080002a8   0x00000024   Code   RO         7537    .text               mc_w.l(rand.o)
    0x080002cc   0x00000024   Code   RO         7540    .text               mc_w.l(memcpya.o)
    0x080002f0   0x00000024   Code   RO         7542    .text               mc_w.l(memseta.o)
    0x08000314   0x0000000e   Code   RO         7544    .text               mc_w.l(strlen.o)
    0x08000322   0x0000001a   Code   RO         7546    .text               mc_w.l(memcmp.o)
    0x0800033c   0x0000001e   Code   RO         7869    .text               mc_w.l(llshl.o)
    0x0800035a   0x00000020   Code   RO         7871    .text               mc_w.l(llushr.o)
    0x0800037a   0x00000002   PAD
    0x0800037c   0x00000024   Code   RO         7888    .text               mc_w.l(init.o)
    0x080003a0   0x00000002   Code   RO          150    i.BusFault_Handler  stm32f4xx_it.o
    0x080003a2   0x00000002   PAD
    0x080003a4   0x0000009c   Code   RO          754    i.CAN1_RX0_IRQHandler  can.o
    0x08000440   0x00000090   Code   RO         1882    i.CAN_Receive       stm32f4xx_can.o
    0x080004d0   0x00000002   Code   RO          151    i.DebugMon_Handler  stm32f4xx_it.o
    0x080004d2   0x00000002   PAD
    0x080004d4   0x00000014   Code   RO          813    i.Delay             main.o
    0x080004e8   0x0000000c   Code   RO         1190    i.ETH_DMAClearITPendingBit  stm32f4x7_eth.o
    0x080004f4   0x00000018   Code   RO         1191    i.ETH_DMAITConfig   stm32f4x7_eth.o
    0x0800050c   0x0000001c   Code   RO         1194    i.ETH_DMAReceptionCmd  stm32f4x7_eth.o
    0x08000528   0x00000058   Code   RO         1195    i.ETH_DMARxDescChainInit  stm32f4x7_eth.o
    0x08000580   0x00000012   Code   RO         1196    i.ETH_DMARxDescReceiveITConfig  stm32f4x7_eth.o
    0x08000592   0x00000002   PAD
    0x08000594   0x0000001c   Code   RO         1197    i.ETH_DMATransmissionCmd  stm32f4x7_eth.o
    0x080005b0   0x00000048   Code   RO         1200    i.ETH_DMATxDescChainInit  stm32f4x7_eth.o
    0x080005f8   0x00000008   Code   RO         1201    i.ETH_DMATxDescChecksumInsertionConfig  stm32f4x7_eth.o
    0x08000600   0x00000018   Code   RO         1206    i.ETH_DeInit        stm32f4x7_eth.o
    0x08000618   0x00000010   Code   RO         1207    i.ETH_EnablePTPTimeStampAddend  stm32f4x7_eth.o
    0x08000628   0x00000010   Code   RO         1209    i.ETH_EnablePTPTimeStampUpdate  stm32f4x7_eth.o
    0x08000638   0x00000030   Code   RO         1210    i.ETH_EnhancedDescriptorCmd  stm32f4x7_eth.o
    0x08000668   0x00000020   Code   RO         1211    i.ETH_FlushTransmitFIFO  stm32f4x7_eth.o
    0x08000688   0x00000160   Code   RO          447    i.ETH_GPIO_Config   stm32f4x7_eth_bsp.o
    0x080007e8   0x00000014   Code   RO         1217    i.ETH_GetDMAFlagStatus  stm32f4x7_eth.o
    0x080007fc   0x00000008   Code   RO         1223    i.ETH_GetDMARxDescFrameLength  stm32f4x7_eth.o
    0x08000804   0x00000024   Code   RO         1228    i.ETH_GetMACAddress  stm32f4x7_eth.o
    0x08000828   0x00000014   Code   RO         1234    i.ETH_GetPTPFlagStatus  stm32f4x7_eth.o
    0x0800083c   0x0000000c   Code   RO         1235    i.ETH_GetPTPRegister  stm32f4x7_eth.o
    0x08000848   0x00000030   Code   RO         1238    i.ETH_GetRxPktSize  stm32f4x7_eth.o
    0x08000878   0x00000014   Code   RO         1239    i.ETH_GetSoftwareResetStatus  stm32f4x7_eth.o
    0x0800088c   0x0000008c   Code   RO         1242    i.ETH_Get_Received_Frame_interrupt  stm32f4x7_eth.o
    0x08000918   0x0000002e   Code   RO          152    i.ETH_IRQHandler    stm32f4xx_it.o
    0x08000946   0x00000002   PAD
    0x08000948   0x00000294   Code   RO         1244    i.ETH_Init          stm32f4x7_eth.o
    0x08000bdc   0x00000018   Code   RO         1245    i.ETH_InitializePTPTimeStamp  stm32f4x7_eth.o
    0x08000bf4   0x0000001c   Code   RO         1247    i.ETH_MACAddressConfig  stm32f4x7_eth.o
    0x08000c10   0x00000094   Code   RO          448    i.ETH_MACDMA_Config  stm32f4x7_eth_bsp.o
    0x08000ca4   0x00000018   Code   RO         1251    i.ETH_MACITConfig   stm32f4x7_eth.o
    0x08000cbc   0x00000030   Code   RO         1252    i.ETH_MACReceptionCmd  stm32f4x7_eth.o
    0x08000cec   0x00000030   Code   RO         1253    i.ETH_MACTransmissionCmd  stm32f4x7_eth.o
    0x08000d1c   0x00000014   Code   RO         1264    i.ETH_PTPNanoSecond2SubSecond  stm32f4x7_eth.o
    0x08000d30   0x00000014   Code   RO         1265    i.ETH_PTPSubSecond2NanoSecond  stm32f4x7_eth.o
    0x08000d44   0x0000001c   Code   RO         1266    i.ETH_PTPTimeStampCmd  stm32f4x7_eth.o
    0x08000d60   0x00000054   Code   RO          554    i.ETH_PTPTime_AdjFreq  ethernetif.o
    0x08000db4   0x00000038   Code   RO         1267    i.ETH_PTPTime_GetTime  stm32f4x7_eth.o
    0x08000dec   0x0000003a   Code   RO          555    i.ETH_PTPTime_SetTime  ethernetif.o
    0x08000e26   0x00000068   Code   RO          556    i.ETH_PTPTime_UpdateOffset  ethernetif.o
    0x08000e8e   0x00000002   PAD
    0x08000e90   0x0000001c   Code   RO         1268    i.ETH_PTPUpdateMethodConfig  stm32f4x7_eth.o
    0x08000eac   0x000000cc   Code   RO         1271    i.ETH_Prepare_Transmit_Descriptors_TimeStamp  stm32f4x7_eth.o
    0x08000f78   0x00000054   Code   RO         1272    i.ETH_ReadPHYRegister  stm32f4x7_eth.o
    0x08000fcc   0x0000000c   Code   RO         1278    i.ETH_SetPTPSubSecondIncrement  stm32f4x7_eth.o
    0x08000fd8   0x0000000c   Code   RO         1280    i.ETH_SetPTPTimeStampAddend  stm32f4x7_eth.o
    0x08000fe4   0x00000010   Code   RO         1281    i.ETH_SetPTPTimeStampUpdate  stm32f4x7_eth.o
    0x08000ff4   0x00000010   Code   RO         1284    i.ETH_SoftwareReset  stm32f4x7_eth.o
    0x08001004   0x00000022   Code   RO         1285    i.ETH_Start         stm32f4x7_eth.o
    0x08001026   0x00000088   Code   RO         1287    i.ETH_StructInit    stm32f4x7_eth.o
    0x080010ae   0x00000002   PAD
    0x080010b0   0x00000054   Code   RO         1289    i.ETH_WritePHYRegister  stm32f4x7_eth.o
    0x08001104   0x00000002   Code   RO          153    i.EXTI15_10_IRQHandler  stm32f4xx_it.o
    0x08001106   0x00000002   PAD
    0x08001108   0x00000044   Code   RO          154    i.EXTI1_IRQHandler  stm32f4xx_it.o
    0x0800114c   0x0000000c   Code   RO         2030    i.EXTI_ClearITPendingBit  stm32f4xx_exti.o
    0x08001158   0x00000036   Code   RO          450    i.EXTI_Configuration  stm32f4x7_eth_bsp.o
    0x0800118e   0x00000002   PAD
    0x08001190   0x00000020   Code   RO         2034    i.EXTI_GetITStatus  stm32f4xx_exti.o
    0x080011b0   0x00000070   Code   RO         2035    i.EXTI_Init         stm32f4xx_exti.o
    0x08001220   0x0000000c   Code   RO         2091    i.FLASH_ClearFlag   stm32f4xx_flash.o
    0x0800122c   0x0000001c   Code   RO         2092    i.FLASH_DataCacheCmd  stm32f4xx_flash.o
    0x08001248   0x0000006c   Code   RO         2095    i.FLASH_EraseSector  stm32f4xx_flash.o
    0x080012b4   0x00000034   Code   RO         2097    i.FLASH_GetStatus   stm32f4xx_flash.o
    0x080012e8   0x00000010   Code   RO          705    i.FLASH_Init        flash_hand.o
    0x080012f8   0x00000010   Code   RO         2101    i.FLASH_Lock        stm32f4xx_flash.o
    0x08001308   0x0000003c   Code   RO         2119    i.FLASH_ProgramWord  stm32f4xx_flash.o
    0x08001344   0x00000014   Code   RO          706    i.FLASH_Read        flash_hand.o
    0x08001358   0x00000024   Code   RO         2121    i.FLASH_Unlock      stm32f4xx_flash.o
    0x0800137c   0x0000001e   Code   RO         2122    i.FLASH_WaitForLastOperation  stm32f4xx_flash.o
    0x0800139a   0x00000002   PAD
    0x0800139c   0x00000078   Code   RO          707    i.FLASH_Write       flash_hand.o
    0x08001414   0x00000078   Code   RO          454    i.GPIO_Configuration  stm32f4x7_eth_bsp.o
    0x0800148c   0x000000a2   Code   RO         2298    i.GPIO_Init         stm32f4xx_gpio.o
    0x0800152e   0x00000020   Code   RO         2299    i.GPIO_PinAFConfig  stm32f4xx_gpio.o
    0x0800154e   0x00000004   Code   RO         2305    i.GPIO_ResetBits    stm32f4xx_gpio.o
    0x08001552   0x00000004   Code   RO         2306    i.GPIO_SetBits      stm32f4xx_gpio.o
    0x08001556   0x00000002   PAD
    0x08001558   0x0000013c   Code   RO          708    i.GetSector         flash_hand.o
    0x08001694   0x00000120   Code   RO          648    i.Hand_serialSync   serial_hand.o
    0x080017b4   0x00000002   Code   RO          155    i.HardFault_Handler  stm32f4xx_it.o
    0x080017b6   0x00000002   PAD
    0x080017b8   0x000000f8   Code   RO          910    i.LwIP_Init         netconf.o
    0x080018b0   0x00000038   Code   RO          911    i.LwIP_Periodic_Handle  netconf.o
    0x080018e8   0x0000000c   Code   RO          912    i.LwIP_Pkt_Handle   netconf.o
    0x080018f4   0x00000002   Code   RO          156    i.MemManage_Handler  stm32f4xx_it.o
    0x080018f6   0x00000086   Code   RO          958    i.Mfilter           share.o
    0x0800197c   0x0000004c   Code   RO         1156    i.Multicastserverinit  pc2cfg.o
    0x080019c8   0x00000002   Code   RO          157    i.NMI_Handler       stm32f4xx_it.o
    0x080019ca   0x0000001c   Code   RO         1034    i.NTPFRAC           ntp.o
    0x080019e6   0x00000004   Code   RO         1035    i.NTP_Init          ntp.o
    0x080019ea   0x00000002   PAD
    0x080019ec   0x00000048   Code   RO         1036    i.NTP_ServerInit    ntp.o
    0x08001a34   0x0000007e   Code   RO          455    i.NVIC_Configuration  stm32f4x7_eth_bsp.o
    0x08001ab2   0x00000016   Code   RO         1157    i.NVIC_DisableIRQ   pc2cfg.o
    0x08001ac8   0x00000064   Code   RO         1822    i.NVIC_Init         misc.o
    0x08001b2c   0x00000014   Code   RO         1823    i.NVIC_PriorityGroupConfig  misc.o
    0x08001b40   0x00000020   Code   RO          456    i.NVIC_SetPriority  stm32f4x7_eth_bsp.o
    0x08001b60   0x00000014   Code   RO         1824    i.NVIC_SetVectorTable  misc.o
    0x08001b74   0x00000018   Code   RO         2395    i.RCC_AHB1PeriphClockCmd  stm32f4xx_rcc.o
    0x08001b8c   0x00000018   Code   RO         2397    i.RCC_AHB1PeriphResetCmd  stm32f4xx_rcc.o
    0x08001ba4   0x00000018   Code   RO         2404    i.RCC_APB1PeriphClockCmd  stm32f4xx_rcc.o
    0x08001bbc   0x00000018   Code   RO         2406    i.RCC_APB1PeriphResetCmd  stm32f4xx_rcc.o
    0x08001bd4   0x00000018   Code   RO         2407    i.RCC_APB2PeriphClockCmd  stm32f4xx_rcc.o
    0x08001bec   0x00000018   Code   RO         2409    i.RCC_APB2PeriphResetCmd  stm32f4xx_rcc.o
    0x08001c04   0x00000078   Code   RO          457    i.RCC_Configuration  stm32f4x7_eth_bsp.o
    0x08001c7c   0x00000094   Code   RO         2416    i.RCC_GetClocksFreq  stm32f4xx_rcc.o
    0x08001d10   0x00000014   Code   RO         2428    i.RCC_MCO2Config    stm32f4xx_rcc.o
    0x08001d24   0x00000408   Code   RO          814    i.Read_ConfigData   main.o
    0x0800212c   0x0000000c   Code   RO          815    i.STM_LEDoff        main.o
    0x08002138   0x0000000c   Code   RO          816    i.STM_LEDon         main.o
    0x08002144   0x0000000c   Code   RO         2877    i.SYSCFG_ETH_MediaInterfaceConfig  stm32f4xx_syscfg.o
    0x08002150   0x00000030   Code   RO         2878    i.SYSCFG_EXTILineConfig  stm32f4xx_syscfg.o
    0x08002180   0x000000be   Code   RO          959    i.Serial_Htime      share.o
    0x0800223e   0x00000002   PAD
    0x08002240   0x000000ec   Code   RO           12    i.SetSysClock       system_stm32f4xx.o
    0x0800232c   0x00000020   Code   RO          557    i.Set_MAC_Address   ethernetif.o
    0x0800234c   0x00000018   Code   RO         1826    i.SysTick_CLKSourceConfig  misc.o
    0x08002364   0x00000004   Code   RO          158    i.SysTick_Handler   stm32f4xx_it.o
    0x08002368   0x0000005c   Code   RO           14    i.SystemInit        system_stm32f4xx.o
    0x080023c4   0x000000a8   Code   RO          960    i.TimeToSeconds     share.o
    0x0800246c   0x00000010   Code   RO          817    i.Time_Update       main.o
    0x0800247c   0x000000ac   Code   RO          458    i.UART1_Configuration  stm32f4x7_eth_bsp.o
    0x08002528   0x00000084   Code   RO          649    i.USART1_IRQHandler  serial_hand.o
    0x080025ac   0x0000000c   Code   RO         3473    i.USART_ClearITPendingBit  stm32f4xx_usart.o
    0x080025b8   0x00000014   Code   RO         3476    i.USART_Cmd         stm32f4xx_usart.o
    0x080025cc   0x000000ac   Code   RO         3478    i.USART_DeInit      stm32f4xx_usart.o
    0x08002678   0x0000003e   Code   RO         3480    i.USART_GetITStatus  stm32f4xx_usart.o
    0x080026b6   0x00000030   Code   RO         3482    i.USART_ITConfig    stm32f4xx_usart.o
    0x080026e6   0x00000002   PAD
    0x080026e8   0x000000ac   Code   RO         3483    i.USART_Init        stm32f4xx_usart.o
    0x08002794   0x00000008   Code   RO         3490    i.USART_ReceiveData  stm32f4xx_usart.o
    0x0800279c   0x00000002   Code   RO          159    i.UsageFault_Handler  stm32f4xx_it.o
    0x0800279e   0x00000002   PAD
    0x080027a0   0x00000020   Code   RO         7759    i.__0printf$8       mc_w.l(printf8.o)
    0x080027c0   0x00000028   Code   RO         7760    i.__0snprintf$8     mc_w.l(printf8.o)
    0x080027e8   0x0000000e   Code   RO         7892    i.__scatterload_copy  mc_w.l(handlers.o)
    0x080027f6   0x00000002   Code   RO         7893    i.__scatterload_null  mc_w.l(handlers.o)
    0x080027f8   0x0000000e   Code   RO         7894    i.__scatterload_zeroinit  mc_w.l(handlers.o)
    0x08002806   0x00000002   PAD
    0x08002808   0x00000410   Code   RO         7766    i._printf_core      mc_w.l(printf8.o)
    0x08002c18   0x00000024   Code   RO         7767    i._printf_post_padding  mc_w.l(printf8.o)
    0x08002c3c   0x0000002e   Code   RO         7768    i._printf_pre_padding  mc_w.l(printf8.o)
    0x08002c6a   0x00000016   Code   RO         7769    i._snputc           mc_w.l(printf8.o)
    0x08002c80   0x0000010c   Code   RO          962    i.abjClock          share.o
    0x08002d8c   0x00000046   Code   RO         3702    i.acceptManagementMessage  protocol.o
    0x08002dd2   0x00000134   Code   RO         3703    i.addForeign        protocol.o
    0x08002f06   0x00000018   Code   RO         4114    i.addTime           arith.o
    0x08002f1e   0x0000001a   Code   RO         6018    i.adjFreq           stmptp_sys_time.o
    0x08002f38   0x00000008   Code   RO         4115    i.clearTime         arith.o
    0x08002f40   0x0000000a   Code   RO         5002    i.copyClockIdentity  msg.o
    0x08002f4a   0x0000000e   Code   RO         5003    i.copyPortIdentity  msg.o
    0x08002f58   0x00000028   Code   RO          819    i.cpuidGetId        main.o
    0x08002f80   0x00000080   Code   RO         4242    i.displayStatus     display.o
    0x08003000   0x00000030   Code   RO         4116    i.div2Time          arith.o
    0x08003030   0x000000b0   Code   RO         7427    i.eth_send_ptp      etharp.o
    0x080030e0   0x000000bc   Code   RO         7428    i.etharp_arp_input  etharp.o
    0x0800319c   0x000000dc   Code   RO         7431    i.etharp_find_entry  etharp.o
    0x08003278   0x00000024   Code   RO         7432    i.etharp_free_entry  etharp.o
    0x0800329c   0x00000104   Code   RO         7433    i.etharp_output     etharp.o
    0x080033a0   0x00000044   Code   RO         7434    i.etharp_output_to_arp_index  etharp.o
    0x080033e4   0x000000ec   Code   RO         7435    i.etharp_query      etharp.o
    0x080034d0   0x000000a0   Code   RO         7436    i.etharp_raw        etharp.o
    0x08003570   0x00000024   Code   RO         7437    i.etharp_request    etharp.o
    0x08003594   0x00000020   Code   RO         7438    i.etharp_send_ip    etharp.o
    0x080035b4   0x00000048   Code   RO         7439    i.etharp_tmr        etharp.o
    0x080035fc   0x0000007c   Code   RO         7440    i.etharp_update_arp_entry  etharp.o
    0x08003678   0x00000110   Code   RO         7441    i.ethernet_input    etharp.o
    0x08003788   0x00000040   Code   RO          558    i.ethernetif_init   ethernetif.o
    0x080037c8   0x00000026   Code   RO          559    i.ethernetif_input  ethernetif.o
    0x080037ee   0x00000002   PAD
    0x080037f0   0x00000270   Code   RO         1158    i.eventRecv         pc2cfg.o
    0x08003a60   0x00000086   Code   RO         4806    i.filter            servo.o
    0x08003ae6   0x00000036   Code   RO         4117    i.floorLog2         arith.o
    0x08003b1c   0x00000024   Code   RO          820    i.fputc             main.o
    0x08003b40   0x00000050   Code   RO         7813    i.free              mc_w.l(malloc.o)
    0x08003b90   0x0000002e   Code   RO         5013    i.freeMMClockDescription  msg.o
    0x08003bbe   0x00000008   Code   RO         5015    i.freeMMErrorStatusTLV  msg.o
    0x08003bc6   0x0000002c   Code   RO         5016    i.freeMMTLV         msg.o
    0x08003bf2   0x0000003c   Code   RO         5018    i.freeManagementTLV  msg.o
    0x08003c2e   0x00000014   Code   RO         5021    i.freePTPText       msg.o
    0x08003c42   0x00000014   Code   RO         5022    i.freePhysicalAddress  msg.o
    0x08003c56   0x00000018   Code   RO         4118    i.fromInternalTime  arith.o
    0x08003c6e   0x00000002   PAD
    0x08003c70   0x00000028   Code   RO         1037    i.getNtpTime        ntp.o
    0x08003c98   0x00000014   Code   RO         6020    i.getTime           stmptp_sys_time.o
    0x08003cac   0x00000294   Code   RO         3708    i.handleAnnounce    protocol.o
    0x08003f40   0x00000098   Code   RO         3709    i.handleDelayReq    protocol.o
    0x08003fd8   0x00000200   Code   RO         3710    i.handleDelayResp   protocol.o
    0x080041d8   0x00000048   Code   RO         4612    i.handleErrorManagementMessage  management.o
    0x08004220   0x000000dc   Code   RO         3711    i.handleFollowUp    protocol.o
    0x080042fc   0x00000064   Code   RO         4613    i.handleMMAnnounceReceiptTimeout  management.o
    0x08004360   0x00000060   Code   RO         4614    i.handleMMClockAccuracy  management.o
    0x080043c0   0x000000d4   Code   RO         4615    i.handleMMClockDescription  management.o
    0x08004494   0x00000080   Code   RO         4616    i.handleMMCurrentDataSet  management.o
    0x08004514   0x0000007e   Code   RO         4617    i.handleMMDefaultDataSet  management.o
    0x08004592   0x00000064   Code   RO         4618    i.handleMMDelayMechanism  management.o
    0x080045f6   0x00000048   Code   RO         4619    i.handleMMDisablePort  management.o
    0x0800463e   0x00000060   Code   RO         4620    i.handleMMDomain    management.o
    0x0800469e   0x0000004e   Code   RO         4621    i.handleMMEnablePort  management.o
    0x080046ec   0x00000002   Code   RO         4622    i.handleMMErrorStatus  management.o
    0x080046ee   0x00000058   Code   RO         4623    i.handleMMInitialize  management.o
    0x08004746   0x00000064   Code   RO         4624    i.handleMMLogAnnounceInterval  management.o
    0x080047aa   0x00000064   Code   RO         4625    i.handleMMLogMinPdelayReqInterval  management.o
    0x0800480e   0x00000064   Code   RO         4626    i.handleMMLogSyncInterval  management.o
    0x08004872   0x00000040   Code   RO         4627    i.handleMMNullManagement  management.o
    0x080048b2   0x00000090   Code   RO         4628    i.handleMMParentDataSet  management.o
    0x08004942   0x00000086   Code   RO         4629    i.handleMMPortDataSet  management.o
    0x080049c8   0x00000060   Code   RO         4630    i.handleMMPriority1  management.o
    0x08004a28   0x00000060   Code   RO         4631    i.handleMMPriority2  management.o
    0x08004a88   0x00000030   Code   RO         4632    i.handleMMResetNonVolatileStorage  management.o
    0x08004ab8   0x00000030   Code   RO         4633    i.handleMMSaveInNonVolatileStorage  management.o
    0x08004ae8   0x0000005c   Code   RO         4634    i.handleMMSlaveOnly  management.o
    0x08004b44   0x0000007c   Code   RO         4635    i.handleMMTime      management.o
    0x08004bc0   0x00000052   Code   RO         4636    i.handleMMTimePropertiesDataSet  management.o
    0x08004c12   0x0000006c   Code   RO         4637    i.handleMMTraceabilityProperties  management.o
    0x08004c7e   0x00000002   PAD
    0x08004c80   0x00000100   Code   RO         4638    i.handleMMUserDescription  management.o
    0x08004d80   0x00000082   Code   RO         4639    i.handleMMUtcProperties  management.o
    0x08004e02   0x00000066   Code   RO         4640    i.handleMMVersionNumber  management.o
    0x08004e68   0x0000045a   Code   RO         3712    i.handleManagement  protocol.o
    0x080052c2   0x0000008e   Code   RO         3713    i.handlePDelayReq   protocol.o
    0x08005350   0x000000e4   Code   RO         3714    i.handlePDelayResp  protocol.o
    0x08005434   0x000000a4   Code   RO         3715    i.handlePDelayRespFollowUp  protocol.o
    0x080054d8   0x00000188   Code   RO         3716    i.handleSync        protocol.o
    0x08005660   0x00000094   Code   RO         3717    i.handle_Repeat     protocol.o
    0x080056f4   0x0000022c   Code   RO         3718    i.handle_ptp_eth    protocol.o
    0x08005920   0x0000007c   Code   RO          650    i.handleap          serial_hand.o
    0x0800599c   0x00000008   Code   RO         7057    i.icmp_dest_unreach  icmp.o
    0x080059a4   0x000000fc   Code   RO         7058    i.icmp_input        icmp.o
    0x08005aa0   0x00000064   Code   RO         7059    i.icmp_send_response  icmp.o
    0x08005b04   0x00000008   Code   RO         7060    i.icmp_time_exceeded  icmp.o
    0x08005b0c   0x00000022   Code   RO         7086    i.igmp_delaying_member  igmp.o
    0x08005b2e   0x00000002   PAD
    0x08005b30   0x000000c4   Code   RO         7088    i.igmp_input        igmp.o
    0x08005bf4   0x0000008c   Code   RO         7089    i.igmp_joingroup    igmp.o
    0x08005c80   0x00000024   Code   RO         7091    i.igmp_lookfor_group  igmp.o
    0x08005ca4   0x0000003c   Code   RO         7092    i.igmp_lookup_group  igmp.o
    0x08005ce0   0x00000024   Code   RO         7093    i.igmp_report_groups  igmp.o
    0x08005d04   0x000000a0   Code   RO         7094    i.igmp_send         igmp.o
    0x08005da4   0x00000030   Code   RO         7095    i.igmp_start        igmp.o
    0x08005dd4   0x0000001e   Code   RO         7096    i.igmp_start_timer  igmp.o
    0x08005df2   0x0000000c   Code   RO         7178    i.inet_chksum       inet_chksum.o
    0x08005dfe   0x00000048   Code   RO         7179    i.inet_chksum_pbuf  inet_chksum.o
    0x08005e46   0x00000052   Code   RO         4807    i.initClock         servo.o
    0x08005e98   0x00000064   Code   RO         4641    i.initOutgoingMsgManagement  management.o
    0x08005efc   0x0000002c   Code   RO         4121    i.internalTime_to_integer64  arith.o
    0x08005f28   0x0000002e   Code   RO         7261    i.ip4_addr_isbroadcast  ip_addr.o
    0x08005f56   0x00000002   PAD
    0x08005f58   0x00000164   Code   RO         7315    i.ip_frag           ip_frag.o
    0x080060bc   0x00000008   Code   RO         7316    i.ip_frag_free_pbuf_custom_ref  ip_frag.o
    0x080060c4   0x00000190   Code   RO         7216    i.ip_input          ip.o
    0x08006254   0x0000003e   Code   RO         7217    i.ip_output         ip.o
    0x08006292   0x0000001e   Code   RO         7218    i.ip_output_if      ip.o
    0x080062b0   0x000000e0   Code   RO         7219    i.ip_output_if_opt  ip.o
    0x08006390   0x0000018c   Code   RO         7317    i.ip_reass          ip_frag.o
    0x0800651c   0x000000e8   Code   RO         7318    i.ip_reass_chain_frag_into_datagram_and_validate  ip_frag.o
    0x08006604   0x00000024   Code   RO         7319    i.ip_reass_dequeue_datagram  ip_frag.o
    0x08006628   0x00000070   Code   RO         7320    i.ip_reass_free_complete_datagram  ip_frag.o
    0x08006698   0x0000006c   Code   RO         7321    i.ip_reass_remove_oldest_datagram  ip_frag.o
    0x08006704   0x00000040   Code   RO         7220    i.ip_route          ip.o
    0x08006744   0x00000014   Code   RO         7263    i.ipaddr_addr       ip_addr.o
    0x08006758   0x000000f8   Code   RO         7264    i.ipaddr_aton       ip_addr.o
    0x08006850   0x00000016   Code   RO         7323    i.ipfrag_free_pbuf_custom  ip_frag.o
    0x08006866   0x00000022   Code   RO         3719    i.isFromCurrentParent  protocol.o
    0x08006888   0x000000ac   Code   RO         3722    i.issueDelayResp    protocol.o
    0x08006934   0x00000168   Code   RO         3725    i.issuePDelayResp   protocol.o
    0x08006a9c   0x00000124   Code   RO         3726    i.issuePDelayRespFollowUp  protocol.o
    0x08006bc0   0x000000e0   Code   RO          560    i.low_level_init    ethernetif.o
    0x08006ca0   0x000000a0   Code   RO          561    i.low_level_input   ethernetif.o
    0x08006d40   0x00000114   Code   RO          562    i.low_level_output  ethernetif.o
    0x08006e54   0x00000004   Code   RO         6101    i.lwip_htonl        def.o
    0x08006e58   0x00000004   Code   RO         6102    i.lwip_htons        def.o
    0x08006e5c   0x00000004   Code   RO         6103    i.lwip_ntohl        def.o
    0x08006e60   0x00000004   Code   RO         6104    i.lwip_ntohs        def.o
    0x08006e64   0x00000058   Code   RO         7182    i.lwip_standard_chksum  inet_chksum.o
    0x08006ebc   0x0000008c   Code   RO          821    i.main              main.o
    0x08006f48   0x00000040   Code   RO         6203    i.mem_free          mem.o
    0x08006f88   0x00000034   Code   RO         6204    i.mem_init          mem.o
    0x08006fbc   0x000000a8   Code   RO         6205    i.mem_malloc        mem.o
    0x08007064   0x000000dc   Code   RO         6206    i.mem_trim          mem.o
    0x08007140   0x00000028   Code   RO         6255    i.memp_free         memp.o
    0x08007168   0x00000058   Code   RO         6256    i.memp_init         memp.o
    0x080071c0   0x0000002c   Code   RO         6257    i.memp_malloc       memp.o
    0x080071ec   0x000002fc   Code   RO         5031    i.msgDebugAnnounce  msg.o
    0x080074e8   0x0000014c   Code   RO         5033    i.msgDebugDelayResp  msg.o
    0x08007634   0x000000c0   Code   RO         5034    i.msgDebugFollowUp  msg.o
    0x080076f4   0x000002c8   Code   RO         5035    i.msgDebugHeader    msg.o
    0x080079bc   0x000001ac   Code   RO         5036    i.msgDebugManagement  msg.o
    0x08007b68   0x000000a8   Code   RO         5037    i.msgDebugSync      msg.o
    0x08007c10   0x000000a0   Code   RO         5038    i.msgDump           msg.o
    0x08007cb0   0x00000094   Code   RO         5041    i.msgPackDelayResp  msg.o
    0x08007d44   0x00000048   Code   RO         5043    i.msgPackHeader     msg.o
    0x08007d8c   0x0000000a   Code   RO         5044    i.msgPackManagement  msg.o
    0x08007d96   0x00000020   Code   RO         5045    i.msgPackManagementErrorStatusTLV  msg.o
    0x08007db6   0x00000164   Code   RO         5046    i.msgPackManagementTLV  msg.o
    0x08007f1a   0x0000007c   Code   RO         5048    i.msgPackPDelayResp  msg.o
    0x08007f96   0x00000076   Code   RO         5049    i.msgPackPDelayRespFollowUp  msg.o
    0x0800800c   0x00000062   Code   RO         5051    i.msgUnpackAnnounce  msg.o
    0x0800806e   0x00000030   Code   RO         5053    i.msgUnpackDelayResp  msg.o
    0x0800809e   0x00000020   Code   RO         5054    i.msgUnpackFollowUp  msg.o
    0x080080be   0x00000080   Code   RO         5055    i.msgUnpackHeader   msg.o
    0x0800813e   0x0000002e   Code   RO         5056    i.msgUnpackManagement  msg.o
    0x0800816c   0x00000030   Code   RO         5058    i.msgUnpackPDelayResp  msg.o
    0x0800819c   0x00000030   Code   RO         5059    i.msgUnpackPDelayRespFollowUp  msg.o
    0x080081cc   0x00000020   Code   RO         5060    i.msgUnpackSync     msg.o
    0x080081ec   0x0000001e   Code   RO         4879    i.netEmptyEventQ    net.o
    0x0800820a   0x00000028   Code   RO         4882    i.netQGet           net.o
    0x08008232   0x00000002   PAD
    0x08008234   0x00000120   Code   RO         4891    i.netSend           net.o
    0x08008354   0x00000018   Code   RO         4893    i.netSendGeneral    net.o
    0x0800836c   0x0000001a   Code   RO         4894    i.netSendPeerEvent  net.o
    0x08008386   0x00000018   Code   RO         4895    i.netSendPeerGeneral  net.o
    0x0800839e   0x00000002   PAD
    0x080083a0   0x00000058   Code   RO         6303    i.netif_add         netif.o
    0x080083f8   0x00000020   Code   RO         6307    i.netif_set_addr    netif.o
    0x08008418   0x0000000c   Code   RO         6308    i.netif_set_default  netif.o
    0x08008424   0x00000008   Code   RO         6310    i.netif_set_gw      netif.o
    0x0800842c   0x00000068   Code   RO         6311    i.netif_set_ipaddr  netif.o
    0x08008494   0x00000008   Code   RO         6314    i.netif_set_netmask  netif.o
    0x0800849c   0x00000038   Code   RO         6315    i.netif_set_up      netif.o
    0x080084d4   0x0000004c   Code   RO         4125    i.normalizeTime     arith.o
    0x08008520   0x00000098   Code   RO          963    i.offset_time       share.o
    0x080085b8   0x00000016   Code   RO          964    i.order             share.o
    0x080085ce   0x00000010   Code   RO         4808    i.order             servo.o
    0x080085de   0x00000016   Code   RO         3895    i.p1                bmc.o
    0x080085f4   0x00000010   Code   RO         5062    i.packClockIdentity  msg.o
    0x08008604   0x00000012   Code   RO         5063    i.packClockQuality  msg.o
    0x08008616   0x0000000e   Code   RO         5064    i.packEnumeration16  msg.o
    0x08008624   0x00000010   Code   RO         5065    i.packEnumeration4Lower  msg.o
    0x08008634   0x0000000e   Code   RO         5068    i.packInteger16     msg.o
    0x08008642   0x0000000e   Code   RO         5069    i.packInteger32     msg.o
    0x08008650   0x00000014   Code   RO         5072    i.packMMAnnounceReceiptTimeout  msg.o
    0x08008664   0x00000014   Code   RO         5073    i.packMMClockAccuracy  msg.o
    0x08008678   0x000000ec   Code   RO         5074    i.packMMClockDescription  msg.o
    0x08008764   0x00000010   Code   RO         5075    i.packMMCurrentDataSet  msg.o
    0x08008774   0x00000052   Code   RO         5076    i.packMMDefaultDataSet  msg.o
    0x080087c6   0x00000014   Code   RO         5077    i.packMMDelayMechanism  msg.o
    0x080087da   0x00000014   Code   RO         5078    i.packMMDomain      msg.o
    0x080087ee   0x0000003a   Code   RO         5079    i.packMMErrorStatus  msg.o
    0x08008828   0x00000010   Code   RO         5080    i.packMMInitialize  msg.o
    0x08008838   0x00000014   Code   RO         5081    i.packMMLogAnnounceInterval  msg.o
    0x0800884c   0x00000014   Code   RO         5082    i.packMMLogMinPdelayReqInterval  msg.o
    0x08008860   0x00000014   Code   RO         5083    i.packMMLogSyncInterval  msg.o
    0x08008874   0x0000005c   Code   RO         5084    i.packMMParentDataSet  msg.o
    0x080088d0   0x00000056   Code   RO         5085    i.packMMPortDataSet  msg.o
    0x08008926   0x00000014   Code   RO         5086    i.packMMPriority1   msg.o
    0x0800893a   0x00000014   Code   RO         5087    i.packMMPriority2   msg.o
    0x0800894e   0x00000014   Code   RO         5088    i.packMMSlaveOnly   msg.o
    0x08008962   0x00000010   Code   RO         5089    i.packMMTime        msg.o
    0x08008972   0x00000020   Code   RO         5090    i.packMMTimePropertiesDataSet  msg.o
    0x08008992   0x00000014   Code   RO         5091    i.packMMTraceabilityProperties  msg.o
    0x080089a6   0x00000024   Code   RO         5092    i.packMMUserDescription  msg.o
    0x080089ca   0x00000020   Code   RO         5093    i.packMMUtcProperties  msg.o
    0x080089ea   0x00000024   Code   RO         5094    i.packMMVersionNumber  msg.o
    0x08008a0e   0x00000024   Code   RO         5095    i.packManagementTLV  msg.o
    0x08008a32   0x00000052   Code   RO         5096    i.packMsgHeader     msg.o
    0x08008a84   0x00000054   Code   RO         5097    i.packMsgManagement  msg.o
    0x08008ad8   0x00000012   Code   RO         5099    i.packNibbleUpper   msg.o
    0x08008aea   0x00000016   Code   RO         5101    i.packPTPText       msg.o
    0x08008b00   0x0000001e   Code   RO         5102    i.packPhysicalAddress  msg.o
    0x08008b1e   0x0000001a   Code   RO         5104    i.packPortIdentity  msg.o
    0x08008b38   0x00000008   Code   RO         5106    i.packTimestamp     msg.o
    0x08008b40   0x0000000e   Code   RO         5107    i.packUInteger16    msg.o
    0x08008b4e   0x0000000e   Code   RO         5108    i.packUInteger32    msg.o
    0x08008b5c   0x00000010   Code   RO         5110    i.packUInteger4Lower  msg.o
    0x08008b6c   0x00000118   Code   RO         6401    i.pbuf_alloc        pbuf.o
    0x08008c84   0x00000054   Code   RO         6402    i.pbuf_alloced_custom  pbuf.o
    0x08008cd8   0x00000028   Code   RO         6403    i.pbuf_cat          pbuf.o
    0x08008d00   0x00000012   Code   RO         6404    i.pbuf_chain        pbuf.o
    0x08008d12   0x00000012   Code   RO         6405    i.pbuf_clen         pbuf.o
    0x08008d24   0x0000009a   Code   RO         6407    i.pbuf_copy         pbuf.o
    0x08008dbe   0x00000068   Code   RO         6408    i.pbuf_copy_partial  pbuf.o
    0x08008e26   0x00000060   Code   RO         6410    i.pbuf_free         pbuf.o
    0x08008e86   0x00000060   Code   RO         6412    i.pbuf_header       pbuf.o
    0x08008ee6   0x0000004e   Code   RO         6415    i.pbuf_realloc      pbuf.o
    0x08008f34   0x0000001a   Code   RO         6416    i.pbuf_ref          pbuf.o
    0x08008f4e   0x0000004e   Code   RO         6418    i.pbuf_take         pbuf.o
    0x08008f9c   0x00000054   Code   RO         6207    i.plug_holes        mem.o
    0x08008ff0   0x000000cc   Code   RO         4281    i.portState_getName  display.o
    0x080090bc   0x00000022   Code   RO         3728    i.processDelayReqFromSelf  protocol.o
    0x080090de   0x00000026   Code   RO         3731    i.processPDelayRespFromSelf  protocol.o
    0x08009104   0x00000074   Code   RO         6525    i.raw_input         raw.o
    0x08009178   0x00000012   Code   RO         3732    i.respectUtcOffset  protocol.o
    0x0800918a   0x00000002   PAD
    0x0800918c   0x000002dc   Code   RO         3896    i.s1                bmc.o
    0x08009468   0x0000003c   Code   RO         4126    i.scaledNanosecondsToInternalTime  arith.o
    0x080094a4   0x00000164   Code   RO         1038    i.server_recv       ntp.o
    0x08009608   0x00000012   Code   RO         6021    i.setTime           stmptp_sys_time.o
    0x0800961a   0x00000018   Code   RO         4128    i.subTime           arith.o
    0x08009632   0x00000002   PAD
    0x08009634   0x00000010   Code   RO          563    i.sys_arch_protect  ethernetif.o
    0x08009644   0x0000000c   Code   RO          564    i.sys_arch_unprotect  ethernetif.o
    0x08009650   0x0000008c   Code   RO         6599    i.tcp_abandon       tcp.o
    0x080096dc   0x00000006   Code   RO         6600    i.tcp_abort         tcp.o
    0x080096e2   0x00000002   PAD
    0x080096e4   0x000000f8   Code   RO         6603    i.tcp_alloc         tcp.o
    0x080097dc   0x00000014   Code   RO         6606    i.tcp_close         tcp.o
    0x080097f0   0x00000128   Code   RO         6607    i.tcp_close_shutdown  tcp.o
    0x08009918   0x0000009a   Code   RO         6863    i.tcp_create_segment  tcp_out.o
    0x080099b2   0x00000020   Code   RO         6610    i.tcp_eff_send_mss  tcp.o
    0x080099d2   0x000000a6   Code   RO         6864    i.tcp_enqueue_flags  tcp_out.o
    0x08009a78   0x00000060   Code   RO         6612    i.tcp_fasttmr       tcp.o
    0x08009ad8   0x00000314   Code   RO         6812    i.tcp_input         tcp_in.o
    0x08009dec   0x0000003c   Code   RO         6865    i.tcp_keepalive     tcp_out.o
    0x08009e28   0x000000e4   Code   RO         6813    i.tcp_listen_input  tcp_in.o
    0x08009f0c   0x00000010   Code   RO         6617    i.tcp_next_iss      tcp.o
    0x08009f1c   0x0000018c   Code   RO         6866    i.tcp_output        tcp_out.o
    0x0800a0a8   0x0000006a   Code   RO         6867    i.tcp_output_alloc_header  tcp_out.o
    0x0800a112   0x00000002   PAD
    0x0800a114   0x000000b0   Code   RO         6868    i.tcp_output_segment  tcp_out.o
    0x0800a1c4   0x00000080   Code   RO         6814    i.tcp_parseopt      tcp_in.o
    0x0800a244   0x0000003a   Code   RO         6618    i.tcp_pcb_purge     tcp.o
    0x0800a27e   0x00000002   PAD
    0x0800a280   0x00000058   Code   RO         6619    i.tcp_pcb_remove    tcp.o
    0x0800a2d8   0x00000334   Code   RO         6815    i.tcp_process       tcp_in.o
    0x0800a60c   0x00000066   Code   RO         6621    i.tcp_process_refused_data  tcp.o
    0x0800a672   0x00000002   PAD
    0x0800a674   0x00000412   Code   RO         6816    i.tcp_receive       tcp_in.o
    0x0800aa86   0x00000024   Code   RO         6623    i.tcp_recv_null     tcp.o
    0x0800aaaa   0x00000038   Code   RO         6624    i.tcp_recved        tcp.o
    0x0800aae2   0x00000052   Code   RO         6870    i.tcp_rexmit        tcp_out.o
    0x0800ab34   0x00000058   Code   RO         6871    i.tcp_rexmit_fast   tcp_out.o
    0x0800ab8c   0x0000002e   Code   RO         6872    i.tcp_rexmit_rto    tcp_out.o
    0x0800abba   0x00000076   Code   RO         6873    i.tcp_rst           tcp_out.o
    0x0800ac30   0x0000001c   Code   RO         6625    i.tcp_seg_free      tcp.o
    0x0800ac4c   0x00000012   Code   RO         6626    i.tcp_segs_free     tcp.o
    0x0800ac5e   0x00000048   Code   RO         6874    i.tcp_send_empty_ack  tcp_out.o
    0x0800aca6   0x00000044   Code   RO         6875    i.tcp_send_fin      tcp_out.o
    0x0800acea   0x00000002   PAD
    0x0800acec   0x0000025c   Code   RO         6630    i.tcp_slowtmr       tcp.o
    0x0800af48   0x00000002   Code   RO         6955    i.tcp_timer_needed  timers.o
    0x0800af4a   0x00000002   PAD
    0x0800af4c   0x0000006c   Code   RO         6817    i.tcp_timewait_input  tcp_in.o
    0x0800afb8   0x00000020   Code   RO         6631    i.tcp_tmr           tcp.o
    0x0800afd8   0x00000034   Code   RO         6632    i.tcp_update_rcv_ann_wnd  tcp.o
    0x0800b00c   0x0000008a   Code   RO         6877    i.tcp_zero_window_probe  tcp_out.o
    0x0800b096   0x00000002   Code   RO         4286    i.timeInternal_display  display.o
    0x0800b098   0x0000001a   Code   RO         3953    i.timerStart        timer.o
    0x0800b0b2   0x00000010   Code   RO         3955    i.timerStop         timer.o
    0x0800b0c2   0x00000002   Code   RO         4288    i.timestamp_display  display.o
    0x0800b0c4   0x00000012   Code   RO         4129    i.toInternalTime    arith.o
    0x0800b0d6   0x00000002   PAD
    0x0800b0d8   0x000002e4   Code   RO         3733    i.toState           protocol.o
    0x0800b3bc   0x00000098   Code   RO         6967    i.udp_bind          udp.o
    0x0800b454   0x00000154   Code   RO         6972    i.udp_input         udp.o
    0x0800b5a8   0x0000001a   Code   RO         6973    i.udp_new           udp.o
    0x0800b5c2   0x00000006   Code   RO         6974    i.udp_recv          udp.o
    0x0800b5c8   0x0000003a   Code   RO         6977    i.udp_sendto        udp.o
    0x0800b602   0x000000d0   Code   RO         6978    i.udp_sendto_if     udp.o
    0x0800b6d2   0x00000010   Code   RO         5114    i.unpackClockIdentity  msg.o
    0x0800b6e2   0x00000012   Code   RO         5115    i.unpackClockQuality  msg.o
    0x0800b6f4   0x00000012   Code   RO         5124    i.unpackMMAnnounceReceiptTimeout  msg.o
    0x0800b706   0x00000012   Code   RO         5125    i.unpackMMClockAccuracy  msg.o
    0x0800b718   0x000000ea   Code   RO         5126    i.unpackMMClockDescription  msg.o
    0x0800b802   0x0000000a   Code   RO         5127    i.unpackMMCurrentDataSet  msg.o
    0x0800b80c   0x00000054   Code   RO         5128    i.unpackMMDefaultDataSet  msg.o
    0x0800b860   0x00000012   Code   RO         5129    i.unpackMMDelayMechanism  msg.o
    0x0800b872   0x00000012   Code   RO         5130    i.unpackMMDomain    msg.o
    0x0800b884   0x0000002e   Code   RO         5131    i.unpackMMErrorStatus  msg.o
    0x0800b8b2   0x0000000a   Code   RO         5132    i.unpackMMInitialize  msg.o
    0x0800b8bc   0x00000012   Code   RO         5133    i.unpackMMLogAnnounceInterval  msg.o
    0x0800b8ce   0x00000012   Code   RO         5134    i.unpackMMLogMinPdelayReqInterval  msg.o
    0x0800b8e0   0x00000012   Code   RO         5135    i.unpackMMLogSyncInterval  msg.o
    0x0800b8f2   0x00000060   Code   RO         5136    i.unpackMMParentDataSet  msg.o
    0x0800b952   0x0000004e   Code   RO         5137    i.unpackMMPortDataSet  msg.o
    0x0800b9a0   0x00000012   Code   RO         5138    i.unpackMMPriority1  msg.o
    0x0800b9b2   0x00000012   Code   RO         5139    i.unpackMMPriority2  msg.o
    0x0800b9c4   0x00000012   Code   RO         5140    i.unpackMMSlaveOnly  msg.o
    0x0800b9d6   0x0000000a   Code   RO         5141    i.unpackMMTime      msg.o
    0x0800b9e0   0x00000020   Code   RO         5142    i.unpackMMTimePropertiesDataSet  msg.o
    0x0800ba00   0x00000012   Code   RO         5143    i.unpackMMTraceabilityProperties  msg.o
    0x0800ba12   0x00000010   Code   RO         5144    i.unpackMMUserDescription  msg.o
    0x0800ba22   0x00000020   Code   RO         5145    i.unpackMMUtcProperties  msg.o
    0x0800ba42   0x0000001e   Code   RO         5146    i.unpackMMVersionNumber  msg.o
    0x0800ba60   0x0000002a   Code   RO         5147    i.unpackManagementTLV  msg.o
    0x0800ba8a   0x0000005a   Code   RO         5148    i.unpackMsgHeader   msg.o
    0x0800bae4   0x0000004a   Code   RO         5149    i.unpackMsgManagement  msg.o
    0x0800bb2e   0x00000016   Code   RO         5153    i.unpackPTPText     msg.o
    0x0800bb44   0x00000020   Code   RO         5154    i.unpackPhysicalAddress  msg.o
    0x0800bb64   0x0000001a   Code   RO         5156    i.unpackPortIdentity  msg.o
    0x0800bb7e   0x00000010   Code   RO         5158    i.unpackTimestamp   msg.o
    0x0800bb8e   0x00000002   PAD
    0x0800bb90   0x000000dc   Code   RO         4810    i.updateClock       servo.o
    0x0800bc6c   0x000000bc   Code   RO         4811    i.updateDelay       servo.o
    0x0800bd28   0x000000c0   Code   RO         4812    i.updateOffset      servo.o
    0x0800bde8   0x0000007a   Code   RO         4813    i.updatePeerDelay   servo.o
    0x0800be62   0x00000018   Data   RO          967    .constdata          share.o
    0x0800be7a   0x00000028   Data   RO         6259    .constdata          memp.o
    0x0800bea2   0x00000002   PAD
    0x0800bea4   0x00000054   Data   RO         6633    .constdata          tcp.o
    0x0800bef8   0x00000004   Data   RO         7268    .constdata          ip_addr.o
    0x0800befc   0x0000000c   Data   RO         7443    .constdata          etharp.o
    0x0800bf08   0x0000008d   Data   RO         3734    .conststring        protocol.o
    0x0800bf95   0x00000003   PAD
    0x0800bf98   0x000000bd   Data   RO         3897    .conststring        bmc.o
    0x0800c055   0x00000003   PAD
    0x0800c058   0x000001f8   Data   RO         5165    .conststring        msg.o
    0x0800c250   0x00000075   Data   RO         6634    .conststring        tcp.o
    0x0800c2c5   0x00000003   PAD
    0x0800c2c8   0x00000020   Data   RO         7890    Region$$Table       anon$$obj.o


    Execution Region RW_IRAM1 (Base: 0x20000000, Size: 0x0000fba0, Max: 0x00030000, ABSOLUTE)

    Base Addr    Size         Type   Attr      Idx    E Section Name        Object

    0x20000000   0x00000008   Data   RW          461    .data               stm32f4x7_eth_bsp.o
    0x20000008   0x00000006   Data   RW          565    .data               ethernetif.o
    0x2000000e   0x00000006   Data   RW          652    .data               serial_hand.o
    0x20000014   0x00000008   Data   RW          760    .data               can.o
    0x2000001c   0x0000000c   Data   RW          823    .data               main.o
    0x20000028   0x00000004   Data   RW          825    .data               main.o
    0x2000002c   0x00000008   Data   RW          914    .data               netconf.o
    0x20000034   0x00000004   Data   RW          973    .data               share.o
    0x20000038   0x00000001   Data   RW         1039    .data               ntp.o
    0x20000039   0x00000003   PAD
    0x2000003c   0x00000004   Data   RW         1040    .data               ntp.o
    0x20000040   0x00000014   Data   RW         1295    .data               stm32f4x7_eth.o
    0x20000054   0x00000010   Data   RW         2440    .data               stm32f4xx_rcc.o
    0x20000064   0x00000020   Data   RW         3735    .data               protocol.o
    0x20000084   0x00000002   Data   RW         4814    .data               servo.o
    0x20000086   0x00000002   PAD
    0x20000088   0x0000000c   Data   RW         6209    .data               mem.o
    0x20000094   0x0000000c   Data   RW         6316    .data               netif.o
    0x200000a0   0x00000004   Data   RW         6531    .data               raw.o
    0x200000a4   0x00000024   Data   RW         6635    .data               tcp.o
    0x200000c8   0x0000001c   Data   RW         6819    .data               tcp_in.o
    0x200000e4   0x00000008   Data   RW         6979    .data               udp.o
    0x200000ec   0x0000000c   Data   RW         7099    .data               igmp.o
    0x200000f8   0x00000014   Data   RW         7221    .data               ip.o
    0x2000010c   0x00000008   Data   RW         7324    .data               ip_frag.o
    0x20000114   0x00000001   Data   RW         7444    .data               etharp.o
    0x20000115   0x00000003   PAD
    0x20000118   0x00000004   Data   RW         7538    .data               mc_w.l(rand.o)
    0x2000011c   0x00000004   Data   RW         7875    .data               mc_w.l(mvars.o)
    0x20000120   0x000000bc   Zero   RW          460    .bss                stm32f4x7_eth_bsp.o
    0x200001dc   0x00000017   Zero   RW          651    .bss                serial_hand.o
    0x200001f3   0x00000064   Zero   RW          759    .bss                can.o
    0x20000257   0x00000001   PAD
    0x20000258   0x00000070   Zero   RW          822    .bss                main.o
    0x200002c8   0x00000038   Zero   RW          913    .bss                netconf.o
    0x20000300   0x000000a0   Zero   RW         1290    .bss                stm32f4x7_eth.o
    0x200003a0   0x00000020   Zero   RW         1291    .bss                stm32f4x7_eth.o
    0x200003c0   0x00001dc4   Zero   RW         1292    .bss                stm32f4x7_eth.o
    0x20002184   0x000005f4   Zero   RW         1293    .bss                stm32f4x7_eth.o
    0x20002778   0x0000000c   Zero   RW         1294    .bss                stm32f4x7_eth.o
    0x20002784   0x00000004   PAD
    0x20002788   0x00000b48   Zero   RW         3664    .bss                ptpd.o
    0x200032d0   0x0000010c   Zero   RW         4291    .bss                display.o
    0x200033dc   0x00005014   Zero   RW         6208    .bss                mem.o
    0x200083f0   0x00006ed3   Zero   RW         6258    .bss                memp.o
    0x2000f2c3   0x00000001   PAD
    0x2000f2c4   0x00000010   Zero   RW         6818    .bss                tcp_in.o
    0x2000f2d4   0x000000c8   Zero   RW         7442    .bss                etharp.o
    0x2000f39c   0x00000004   PAD
    0x2000f3a0   0x00000800   Zero   RW            1    STACK               startup_stm32f427x.o


==============================================================================

Image component sizes


      Code (inc. data)   RO Data    RW Data    ZI Data      Debug   Object Name

       380         24          0          0          0       6792   arith.o
       754        216        189          0          0       2282   bmc.o
       156         12          0          8        100       1508   can.o
        16          0          0          0          0       2704   def.o
       336        186          0          0        268       5037   display.o
      1880         70         12          1        200      14137   etharp.o
      1068        146          0          6          0      13039   ethernetif.o
       472         74          0          0          0       2886   flash_hand.o
       368         10          0          0          0       3418   icmp.o
       740         40          0         12          0       8097   igmp.o
         0          0          0          0          0       3888   inet.o
       172          0          0          0          0       2757   inet_chksum.o
         0          0          0          0          0        784   init.o
       780         26          0         20          0       7936   ip.o
       314          6          4          0          0       9474   ip_addr.o
      1270         26          0          8          0       8161   ip_frag.o
         0          0          0          0          0      26439   lcdmessage.o
      1308        540          0         16        112      36727   main.o
      3094        108          0          0          0      22157   management.o
       588         34          0         12      20500       5229   mem.o
       172         20         40          0      28371       4270   memp.o
       164         22          0          0          0       2823   misc.o
      6930       1622        504          0          0      94134   msg.o
       432        140          0          0          0       4742   net.o
       316        112          0          8         56      11765   netconf.o
       308         18          0         12          0       7670   netif.o
       500         64          0          5          0       3561   ntp.o
      1072          0          0          0          0       9879   pbuf.o
       722         60          0          0          0       2582   pc2cfg.o
      6354        942        141         32          0      19282   protocol.o
         0          0          0          0       2888       1241   ptpd.o
       116         12          0          4          0       1656   raw.o
       544         52          0          6         23       3163   serial_hand.o
       954         76          0          2          0      21592   servo.o
       934        110         24          4          0       6792   share.o
        36          8        428          0       2048        840   startup_stm32f427x.o
      2300        296          0         20       9348      28008   stm32f4x7_eth.o
      1124         56          0          8        188      34786   stm32f4x7_eth_bsp.o
       144          0          0          0          0       1758   stm32f4xx_can.o
       156         14          0          0          0       2364   stm32f4xx_exti.o
       342         44          0          0          0       5562   stm32f4xx_flash.o
       202          0          0          0          0       2983   stm32f4xx_gpio.o
       132         14          0          0          0      71993   stm32f4xx_it.o
       312         56          0         16          0       7259   stm32f4xx_rcc.o
        60         10          0          0          0       1290   stm32f4xx_syscfg.o
       494         42          0          0          0       5699   stm32f4xx_usart.o
        64          0          0          0          0       2330   stmptp_sys_time.o
       328         38          0          0          0     262693   system_stm32f4xx.o
      1928         68        201         36          0      23562   tcp.o
      3114        126          0         28         16      16315   tcp_in.o
      1670         10          0          0          0      10623   tcp_out.o
        42          0          0          0          0      17421   timer.o
         2          0          0          0          0        535   timers.o
       790         18          0          8          0       7294   udp.o

    ----------------------------------------------------------------------
     46518       5568       1586        280      64128     881919   Object Totals
         0          0         32          0          0          0   (incl. Generated)
        64          0         11          8         10          0   (incl. Padding)

    ----------------------------------------------------------------------

      Code (inc. data)   RO Data    RW Data    ZI Data      Debug   Library Member Name

         0          0          0          0          0          0   entry.o
         0          0          0          0          0          0   entry10a.o
         0          0          0          0          0          0   entry11a.o
         8          4          0          0          0          0   entry2.o
         4          0          0          0          0          0   entry5.o
         0          0          0          0          0          0   entry7b.o
         0          0          0          0          0          0   entry8b.o
         8          4          0          0          0          0   entry9a.o
        30          0          0          0          0          0   handlers.o
        36          8          0          0          0         68   init.o
        98          0          0          0          0         84   ldiv.o
        30          0          0          0          0         68   llshl.o
        32          0          0          0          0         68   llushr.o
        80          4          0          0          0         76   malloc.o
        26          0          0          0          0         80   memcmp.o
        36          0          0          0          0         68   memcpya.o
        36          0          0          0          0        108   memseta.o
         0          0          0          4          0          0   mvars.o
      1216         58          0          0          0        504   printf8.o
        36         10          0          4          0        136   rand.o
        14          0          0          0          0         68   strlen.o
        98          0          0          0          0         92   uldiv.o

    ----------------------------------------------------------------------
      1792         88          0          8          0       1420   Library Totals
         4          0          0          0          0          0   (incl. Padding)

    ----------------------------------------------------------------------

      Code (inc. data)   RO Data    RW Data    ZI Data      Debug   Library Name

      1788         88          0          8          0       1420   mc_w.l

    ----------------------------------------------------------------------
      1792         88          0          8          0       1420   Library Totals

    ----------------------------------------------------------------------

==============================================================================


      Code (inc. data)   RO Data    RW Data    ZI Data      Debug   

     48310       5656       1586        288      64128     838667   Grand Totals
     48310       5656       1586        288      64128     838667   ELF Image Totals
     48310       5656       1586        288          0          0   ROM Totals

==============================================================================

    Total RO  Size (Code + RO Data)                49896 (  48.73kB)
    Total RW  Size (RW Data + ZI Data)             64416 (  62.91kB)
    Total ROM Size (Code + RO Data + RW Data)      50184 (  49.01kB)

==============================================================================

